ARM Linker, RVCT4.0 [Build 728] [Standard]

==============================================================================

Section Cross References

    callrecord.o(i.Delete_all_record) refers to kmy_lcddrv.o(.text) for kmy_LcdClear
    callrecord.o(i.Delete_all_record) refers to lcd.o(i.DrawTitle_to_row_Language2) for DrawTitle_to_row_Language2
    callrecord.o(i.Delete_all_record) refers to key.o(i.WaitkeyAndAutoExit) for WaitkeyAndAutoExit
    callrecord.o(i.Delete_all_record) refers to eepromfilesystem.o(i.EepromFile_Delete) for EepromFile_Delete
    callrecord.o(i.Delete_all_record) refers to callrecord.o(.constdata) for .constdata
    callrecord.o(i.DialledNO) refers to memseta.o(.text) for __aeabi_memclr4
    callrecord.o(i.DialledNO) refers to eepromfilesystem.o(i.EepromFile_ReadData) for EepromFile_ReadData
    callrecord.o(i.DialledNO) refers to kmy_lcddrv.o(.text) for kmy_LcdClear
    callrecord.o(i.DialledNO) refers to lcd.o(i.DrawTitle_to_row_Language2) for DrawTitle_to_row_Language2
    callrecord.o(i.DialledNO) refers to key.o(i.WaitkeyAndAutoExit) for WaitkeyAndAutoExit
    callrecord.o(i.DialledNO) refers to callrecord.o(i.display_papa) for display_papa
    callrecord.o(i.DialledNO) refers to callrecord.o(.constdata) for .constdata
    callrecord.o(i.DisplayDetailRecvdCalls) refers to kmy_lcddrv.o(.text) for kmy_LcdClear
    callrecord.o(i.DisplayDetailRecvdCalls) refers to lcd.o(i.DrawTitle_to_row_Language2) for DrawTitle_to_row_Language2
    callrecord.o(i.DisplayDetailRecvdCalls) refers to fileoperate.o(i.Read_A_Record_Segment) for Read_A_Record_Segment
    callrecord.o(i.DisplayDetailRecvdCalls) refers to key.o(i.WaitkeyAndAutoExit) for WaitkeyAndAutoExit
    callrecord.o(i.MainMenuScreen_Calls) refers to menuoperate.o(i.MenuHandler_Language2) for MenuHandler_Language2
    callrecord.o(i.MainMenuScreen_Calls) refers to kmy_lcddrv.o(.text) for kmy_LcdClear
    callrecord.o(i.MainMenuScreen_Calls) refers to callrecord.o(.constdata) for .constdata
    callrecord.o(i.MainMenuScreen_Calls) refers to main.o(.data) for CurProc_Return
    callrecord.o(i.RecvdCalls) refers to memseta.o(.text) for __aeabi_memclr4
    callrecord.o(i.RecvdCalls) refers to eepromfilesystem.o(i.EepromFile_ReadData) for EepromFile_ReadData
    callrecord.o(i.RecvdCalls) refers to kmy_lcddrv.o(.text) for kmy_LcdClear
    callrecord.o(i.RecvdCalls) refers to lcd.o(i.DrawTitle_to_row_Language2) for DrawTitle_to_row_Language2
    callrecord.o(i.RecvdCalls) refers to key.o(i.WaitkeyAndAutoExit) for WaitkeyAndAutoExit
    callrecord.o(i.RecvdCalls) refers to callrecord.o(i.display_papa) for display_papa
    callrecord.o(i.RecvdCalls) refers to callrecord.o(.constdata) for .constdata
    callrecord.o(i.display_papa) refers to fileoperate.o(i.Get_Record_Total) for Get_Record_Total
    callrecord.o(i.display_papa) refers to memseta.o(.text) for __aeabi_memclr4
    callrecord.o(i.display_papa) refers to fileoperate.o(i.Read_A_Record_Segment) for Read_A_Record_Segment
    callrecord.o(i.display_papa) refers to kmy_lcddrv.o(.text) for kmy_LcdClear
    callrecord.o(i.display_papa) refers to lcd.o(i.DrawTitle_to_row_Language2) for DrawTitle_to_row_Language2
    callrecord.o(i.display_papa) refers to printfa.o(i.__0sprintf) for __2sprintf
    callrecord.o(i.display_papa) refers to lcd.o(i.text_out_to_row_x_fillSpace) for text_out_to_row_x_fillSpace
    callrecord.o(i.display_papa) refers to lcd.o(i.text_out_to_row_fillSpace) for text_out_to_row_fillSpace
    callrecord.o(i.display_papa) refers to lcd.o(i.DispHighLightRow) for DispHighLightRow
    callrecord.o(i.display_papa) refers to kmy_keydrv.o(.text) for kmy_GetKeyValue
    callrecord.o(i.display_papa) refers to key.o(i.KeyEventPost) for KeyEventPost
    callrecord.o(i.display_papa) refers to strcpy.o(.text) for strcpy
    callrecord.o(i.display_papa) refers to callrecord.o(i.DisplayDetailRecvdCalls) for DisplayDetailRecvdCalls
    callrecord.o(i.display_papa) refers to key.o(i.KeyIsResponse) for KeyIsResponse
    callrecord.o(i.unRecvdCalls) refers to memseta.o(.text) for __aeabi_memclr4
    callrecord.o(i.unRecvdCalls) refers to eepromfilesystem.o(i.EepromFile_ReadData) for EepromFile_ReadData
    callrecord.o(i.unRecvdCalls) refers to kmy_lcddrv.o(.text) for kmy_LcdClear
    callrecord.o(i.unRecvdCalls) refers to lcd.o(i.DrawTitle_to_row_Language2) for DrawTitle_to_row_Language2
    callrecord.o(i.unRecvdCalls) refers to key.o(i.WaitkeyAndAutoExit) for WaitkeyAndAutoExit
    callrecord.o(i.unRecvdCalls) refers to callrecord.o(i.display_papa) for display_papa
    callrecord.o(i.unRecvdCalls) refers to callrecord.o(.constdata) for .constdata
    callrecord.o(.constdata) refers to callrecord.o(.data) for Menu
    callrecord.o(.data) refers to callrecord.o(.conststring) for .conststring
    callrecord.o(.data) refers to callrecord.o(i.unRecvdCalls) for unRecvdCalls
    callrecord.o(.data) refers to callrecord.o(i.RecvdCalls) for RecvdCalls
[...]
    _GetString_abcABC123PYWuBi               0x08028a01   Thumb Code   820  shurufa.o(i._GetString_abcABC123PYWuBi)
    __0printf                                0x080291c9   Thumb Code    22  printfa.o(i.__0printf)
    __1printf                                0x080291c9   Thumb Code     0  printfa.o(i.__0printf)
    __2printf                                0x080291c9   Thumb Code     0  printfa.o(i.__0printf)
    __c89printf                              0x080291c9   Thumb Code     0  printfa.o(i.__0printf)
    printf                                   0x080291c9   Thumb Code     0  printfa.o(i.__0printf)
    __0sprintf                               0x080291e9   Thumb Code    34  printfa.o(i.__0sprintf)
    __1sprintf                               0x080291e9   Thumb Code     0  printfa.o(i.__0sprintf)
    __2sprintf                               0x080291e9   Thumb Code     0  printfa.o(i.__0sprintf)
    __c89sprintf                             0x080291e9   Thumb Code     0  printfa.o(i.__0sprintf)
    sprintf                                  0x080291e9   Thumb Code     0  printfa.o(i.__0sprintf)
    __EepromFile_Delete                      0x08029211   Thumb Code    22  eepromfilesystem.o(i.__EepromFile_Delete)
    __aeabi_errno_addr                       0x08029229   Thumb Code     4  errno.o(i.__aeabi_errno_addr)
    __rt_errno_addr                          0x08029229   Thumb Code     0  errno.o(i.__aeabi_errno_addr)
    __scatterload_copy                       0x08029231   Thumb Code    14  handlers.o(i.__scatterload_copy)
    __scatterload_null                       0x0802923f   Thumb Code     2  handlers.o(i.__scatterload_null)
    __scatterload_zeroinit                   0x08029241   Thumb Code    14  handlers.o(i.__scatterload_zeroinit)
    _my_DisplayBuff                          0x080293f1   Thumb Code   288  my_library.o(i._my_DisplayBuff)
    abcABC123PYWuBiArgDeInit                 0x08029e19   Thumb Code    30  shurufa.o(i.abcABC123PYWuBiArgDeInit)
    abcReadCode                              0x08029e49   Thumb Code   438  forminput.o(i.abcReadCode)
    abeyant                                  0x0802a219   Thumb Code    36  selftest.o(i.abeyant)
    auto_connect_to_wifi                     0x0802a279   Thumb Code   142  wifi.o(i.auto_connect_to_wifi)
    clear_area                               0x0802a331   Thumb Code    36  lcd.o(i.clear_area)
    clear_area_to_row                        0x0802a355   Thumb Code    42  lcd.o(i.clear_area_to_row)
    draw_line                                0x0802a37f   Thumb Code    32  lcd.o(i.draw_line)
    draw_pic                                 0x0802a39f   Thumb Code    38  lcd.o(i.draw_pic)
    draw_rect                                0x0802a3c5   Thumb Code    44  lcd.o(i.draw_rect)
    fill_rect                                0x0802a3f1   Thumb Code    44  lcd.o(i.fill_rect)
    flashcursor                              0x0802a41d   Thumb Code    14  shurufa.o(i.flashcursor)
    fputc                                    0x0802a485   Thumb Code    32  my_library.o(i.fputc)
    free                                     0x0802a4a9   Thumb Code    76  malloc.o(i.free)
    kmy_EnableDisableTime3                   0x0802a571   Thumb Code    26  foodorder.o(i.kmy_EnableDisableTime3)
    kmy_NetStateSet                          0x0802a591   Thumb Code   376  foodorder.o(i.kmy_NetStateSet)
    kmy_OneMiliSecondCallThread              0x0802a79d   Thumb Code    94  main.o(i.kmy_OneMiliSecondCallThread)
    kmy_TIM3Init                             0x0802a805   Thumb Code    22  main.o(i.kmy_TIM3Init)
    kmy_WifiInit                             0x0802a821   Thumb Code    84  wifi.o(i.kmy_WifiInit)
    main                                     0x0802a895   Thumb Code    38  main.o(i.main)
    malloc                                   0x0802a8c5   Thumb Code    90  malloc.o(i.malloc)
    my_AsciiToOctor                          0x0802acb5   Thumb Code    34  mypure_library.o(i.my_AsciiToOctor)
    my_DisplayBuff                           0x0802acd7   Thumb Code   260  my_library.o(i.my_DisplayBuff)
    my_DisplayMenuPercent                    0x0802addb   Thumb Code   230  my_menuop.o(i.my_DisplayMenuPercent)
    my_GetCurrentMs                          0x0802aec1   Thumb Code     8  my_library.o(i.my_GetCurrentMs)
    my_MovePointToHex                        0x0802aec9   Thumb Code    24  mypure_library.o(i.my_MovePointToHex)
    my_TwoAscciiToOneHex                     0x0802aee1   Thumb Code    42  mypure_library.o(i.my_TwoAscciiToOneHex)
    my_buff_TwoAscciiToOneHex                0x0802b10d   Thumb Code    60  mypure_library.o(i.my_buff_TwoAscciiToOneHex)
    my_charhexprintf_buff                    0x0802b149   Thumb Code    64  my_library.o(i.my_charhexprintf_buff)
    my_itoa                                  0x0802b19d   Thumb Code    60  mypure_library.o(i.my_itoa)
    my_strcat_insert                         0x0802b24f   Thumb Code    90  my_library.o(i.my_strcat_insert)
    my_strcpy_DeleteTailByte                 0x0802b2a9   Thumb Code    38  mypure_library.o(i.my_strcpy_DeleteTailByte)
    my_strcpy_EncounterHexEnd                0x0802b2cf   Thumb Code    36  mypure_library.o(i.my_strcpy_EncounterHexEnd)
    my_strcpy_fillspace                      0x0802b2f3   Thumb Code    48  lcd.o(i.my_strcpy_fillspace)
    my_strcpy_fillspace_bytes                0x0802b323   Thumb Code    54  lcd.o(i.my_strcpy_fillspace_bytes)
    my_strdel                                0x0802b359   Thumb Code    32  mypure_library.o(i.my_strdel)
    my_string_insert                         0x0802b379   Thumb Code    76  mypure_library.o(i.my_string_insert)
    my_string_replace                        0x0802b3c5   Thumb Code    24  mypure_library.o(i.my_string_replace)
    ntohl                                    0x0802b3dd   Thumb Code    44  ntp.o(i.ntohl)
    rak_asciiDotAddressTouint32              0x0802b421   Thumb Code   104  wifi.o(i.rak_asciiDotAddressTouint32)
    rak_init_struct                          0x0802b489   Thumb Code   428  wifi.o(i.rak_init_struct)
    reverse_area                             0x0802b6d1   Thumb Code    36  lcd.o(i.reverse_area)
    reverse_area_to_row                      0x0802b6f5   Thumb Code    46  lcd.o(i.reverse_area_to_row)
    searchPosInItems                         0x0802b725   Thumb Code    46  setting.o(i.searchPosInItems)
    send_at_cmd                              0x0802b75d   Thumb Code    20  gprs.o(i.send_at_cmd)
    send_at_cmd_and_receive                  0x0802b785   Thumb Code   176  gprs.o(i.send_at_cmd_and_receive)
    send_at_cmd_and_return                   0x0802b851   Thumb Code   158  gprs.o(i.send_at_cmd_and_return)
    set_apn                                  0x0802b9fd   Thumb Code   190  gprs.o(i.set_apn)
    set_contrast                             0x0802bb11   Thumb Code    22  lcd.o(i.set_contrast)
    steaddraw_pic_to_row_x                   0x0802bb75   Thumb Code    46  lcd.o(i.steaddraw_pic_to_row_x)
    tcp_Connect                              0x0802bba5   Thumb Code   106  gprs.o(i.tcp_Connect)
    tcp_receive                              0x0802bc69   Thumb Code   152  gprs.o(i.tcp_receive)
    tcp_send                                 0x0802bd09   Thumb Code   130  gprs.o(i.tcp_send)
    text_out_length                          0x0802bdd5   Thumb Code    48  lcd.o(i.text_out_length)
    text_out_to_row                          0x0802be05   Thumb Code    44  lcd.o(i.text_out_to_row)
    text_out_to_row_Language2                0x0802be35   Thumb Code    40  lcd.o(i.text_out_to_row_Language2)
    text_out_to_row_fillSpace                0x0802be61   Thumb Code    56  lcd.o(i.text_out_to_row_fillSpace)
    text_out_to_row_x                        0x0802be9d   Thumb Code    28  lcd.o(i.text_out_to_row_x)
    text_out_to_row_x_Language2              0x0802beb9   Thumb Code    50  lcd.o(i.text_out_to_row_x_Language2)
    ucs2str_to_gb2312str                     0x0802bef1   Thumb Code   622  ucs2_to_gb2312.o(i.ucs2str_to_gb2312str)
    InitKong                                 0x0802c180   Data          64  eepromfilesystem.o(.constdata)
    Buff0xff                                 0x0802c1c0   Data          64  eepromfilesystem.o(.constdata)
    logo_mab                                 0x0802c200   Data        2149  foodorder.o(.constdata)
    softwareversion                          0x0802caf4   Data           9  main.o(.constdata)
    PoweronLogo                              0x0802cafd   Data        1024  main.o(.constdata)
    logo                                     0x0802cefd   Data         156  main.o(.constdata)
    CSPNs                                    0x0802cf99   Data          75  main.o(.constdata)
    pstr                                     0x0802cfe4   Data         120  main.o(.constdata)
    MessageIco_unread                        0x0802d140   Data          24  message.o(.constdata)
    MessageIco_readed                        0x0802d158   Data          24  message.o(.constdata)
    HexMapChar                               0x0802d1cc   Data          16  mypure_library.o(.constdata)
    CharMapHex                               0x0802d1dc   Data         256  mypure_library.o(.constdata)
    BoyaLogo                                 0x0802d2dc   Data        9920  selftest.o(.constdata)
    logo2                                    0x0802f99c   Data        4485  selftest.o(.constdata)
    logo3                                    0x08030b21   Data        3072  selftest.o(.constdata)
    logo4                                    0x08031721   Data         456  selftest.o(.constdata)
    logo5                                    0x080318e9   Data         968  selftest.o(.constdata)
    logo6                                    0x08031cb1   Data        1024  selftest.o(.constdata)
    logo7                                    0x080320b1   Data         165  selftest.o(.constdata)
    RFLogo                                   0x08032156   Data         576  selftest.o(.constdata)
    efile_Config                             0x0803294c   Data           7  setting.o(.constdata)
    Configfile_des3key                       0x08032953   Data          25  setting.o(.constdata)
    locallanguage                            0x0803296c   Data           2  setting.o(.constdata)
    ucs2_to_gb2312_table                     0x08032c98   Data       13526  ucs2_to_gb2312.o(.constdata)
    number_of_ucs2_4E00_9FFF                 0x0803616e   Data           2  ucs2_to_gb2312.o(.constdata)
    ucs2_mirror_4E00_9FFF                    0x08036170   Data        2624  ucs2_to_gb2312.o(.constdata)
    ucs2_index_table_4E00_9FFF               0x08036bb0   Data         656  ucs2_to_gb2312.o(.constdata)
    number_of_bit_1                          0x08036e40   Data         256  ucs2_to_gb2312.o(.constdata)
    VersionString                            0x08036f40   Data          12  version.o(.constdata)
    VersionDate                              0x08036f4c   Data          21  version.o(.constdata)
    pstrwifiico                              0x08036f64   Data         192  wifi.o(.constdata)
    asccii_6x12                              0x08037030   Data        3072  kmy_lcddrv.o(.constdata)
    asccii_12x24                             0x08037c30   Data       10752  kmy_printerdrv.o(.constdata)
    MotorFeedStep                            0x0803a630   Data          32  kmy_printerdrv.o(.constdata)
    MotorFeedStep1                           0x0803a650   Data          32  kmy_printerdrv.o(.constdata)
    WidthZoom1                               0x0803a670   Data           4  kmy_printerdrv.o(.constdata)
    WidthZoom2                               0x0803a674   Data           4  kmy_printerdrv.o(.constdata)
    WidthZoom3                               0x0803a678   Data           4  kmy_printerdrv.o(.constdata)
    WidthZoom4                               0x0803a67c   Data           4  kmy_printerdrv.o(.constdata)
    WidthZoom5                               0x0803a680   Data           4  kmy_printerdrv.o(.constdata)
    HighZoom1                                0x0803a684   Data           4  kmy_printerdrv.o(.constdata)
    HighZoom2                                0x0803a688   Data           4  kmy_printerdrv.o(.constdata)
    HighZoom3                                0x0803a68c   Data           4  kmy_printerdrv.o(.constdata)
    HighZoom4                                0x0803a690   Data           4  kmy_printerdrv.o(.constdata)
    HighZoom5                                0x0803a694   Data           4  kmy_printerdrv.o(.constdata)
    Zoom1                                    0x0803a698   Data           4  kmy_printerdrv.o(.constdata)
    Zoom2                                    0x0803a69c   Data           4  kmy_printerdrv.o(.constdata)
    Font1                                    0x0803a6a0   Data           4  kmy_printerdrv.o(.constdata)
    Font2                                    0x0803a6a4   Data           4  kmy_printerdrv.o(.constdata)
    underlineOFF                             0x0803a6a8   Data           4  kmy_printerdrv.o(.constdata)
    underlineON                              0x0803a6ac   Data           4  kmy_printerdrv.o(.constdata)
    ymoth                                    0x0803a6c0   Data          12  kmy_time.o(.constdata)
    leapmoth                                 0x0803a6cc   Data          12  kmy_time.o(.constdata)
    __mon_yday                               0x0803a6d8   Data          52  kmy_time.o(.constdata)
    kmylibraryversion                        0x0803a70c   Data          20  kmy_usart1drv.o(.constdata)
    __ctype_table                            0x0803a720   Data         129  ctype_o.o(.constdata)
    Region$$Table$$Base                      0x0803b6c4   Number         0  anon$$obj.o(Region$$Table)
    Region$$Table$$Limit                     0x0803b6e4   Number         0  anon$$obj.o(Region$$Table)
    Language                                 0x2000003e   Data           2  lcd.o(.data)
    SyncFlag                                 0x20000040   Data           1  main.o(.data)
    ShortcutKeyEnterFlag                     0x20000041   Data           1  main.o(.data)
    InitFlag                                 0x20000042   Data           1  main.o(.data)
    RequirePin                               0x20000043   Data           1  main.o(.data)
    gEnterPowerDownFlag                      0x20000044   Data           1  main.o(.data)
    gFlushDataFlag                           0x20000045   Data           1  main.o(.data)
    ATsendreceive_Lock                       0x20000046   Data           1  main.o(.data)
    gCheckOrderFail                          0x20000047   Data           1  main.o(.data)
    Net_ONOFF                                0x20000048   Data           1  main.o(.data)
    Net_State                                0x20000049   Data           1  main.o(.data)
    WiFiState                                0x2000004a   Data           1  main.o(.data)
    gEventflag                               0x2000004b   Data           1  main.o(.data)
    CurProc_Return                           0x20000070   Data           4  main.o(.data)
    CurProc                                  0x20000074   Data           4  main.o(.data)
    SyncSec                                  0x20000078   Data           4  main.o(.data)
    NoElecFlashLed                           0x2000007c   Data           1  main.o(.data)
    CONFIG_CARD                              0x200001d4   Data           4  selftest.o(.data)
    REQUEST_IDLE                             0x200001d8   Data           4  selftest.o(.data)
    REQUEST_ALL                              0x200001dc   Data           4  selftest.o(.data)
    ANTICOLL                                 0x200001e0   Data           8  selftest.o(.data)
    HALT_CARD                                0x200001e8   Data           3  selftest.o(.data)
    XStor                                    0x20000360   Data         344  setting.o(.data)
    settingItems                             0x200004b8   Data         336  setting.o(.data)
    itemCnt                                  0x20000608   Data           1  setting.o(.data)
    dataledflag                              0x200009e4   Data           1  setting.o(.data)
    LightPercent                             0x200009e5   Data           4  setting.o(.data)
    StorePIN                                 0x200009e9   Data           5  setting.o(.data)
    beepKG                                   0x200009ee   Data           2  setting.o(.data)
    ScreenOffTimeout                         0x200009f0   Data           3  setting.o(.data)
    NetworkSwitch                            0x200009f3   Data           2  setting.o(.data)
    Upgrade_Flag                             0x200009f5   Data           2  setting.o(.data)
    BeepDuration                             0x200009f7   Data           3  setting.o(.data)
    AcceptTimeMode                           0x200009fa   Data           2  setting.o(.data)
    CheckOrderInterval                       0x200009fc   Data           4  setting.o(.data)
    PrintDensity                             0x20000a00   Data           4  setting.o(.data)
    PrintDateFormat                          0x20000a04   Data           2  setting.o(.data)
    PrintTimeFormat                          0x20000a06   Data           2  setting.o(.data)
    PrintReceiptCount                        0x20000a08   Data           2  setting.o(.data)
    AutoAcceptOrder                          0x20000a0a   Data           2  setting.o(.data)
    dhcpclient                               0x20000a0c   Data           2  setting.o(.data)
    DEST_IP                                  0x20000a1c   Data           4  wifi.o(.data)
    DEST_PORT                                0x20000a20   Data           2  wifi.o(.data)
    FirstGetSSID                             0x20000a22   Data           1  wifi.o(.data)
    socket_flag                              0x20000a24   Data           2  wifi.o(.data)
    MotoFeedCnt                              0x20000a48   Data           1  kmy_printerdrv.o(.data)
    one_ms_timer                             0x20000a4c   Data           4  kmy_printerdrv.o(.data)
    CodingSheet                              0x20000a50   Data         214  kmy_printerdrv.o(.data)
    Ram256Rp                                 0x20000b34   Data           4  kmy_printerdrv.o(.data)
    ProRxDataPointer                         0x20000b38   Data           4  kmy_printerdrv.o(.data)
    OutPt                                    0x20000b3c   Data           4  kmy_printerdrv.o(.data)
    SpaceCnt                                 0x20000b40   Data           1  kmy_printerdrv.o(.data)
    PntByteCnt                               0x20000b44   Data           4  kmy_printerdrv.o(.data)
    PrtInterPt                               0x20000b48   Data           1  kmy_printerdrv.o(.data)
    RorSpace                                 0x20000b49   Data           1  kmy_printerdrv.o(.data)
    PaperRun                                 0x20000b4a   Data           1  kmy_printerdrv.o(.data)
    DoubleWide                               0x20000b4b   Data           1  kmy_printerdrv.o(.data)
    DoubleHigh                               0x20000b4c   Data           1  kmy_printerdrv.o(.data)
    gLang                                    0x20000b4d   Data           1  kmy_printerdrv.o(.data)
    Inv_print                                0x20000b4e   Data           1  kmy_printerdrv.o(.data)
    bottom_line                              0x20000b4f   Data           1  kmy_printerdrv.o(.data)
    blacken                                  0x20000b50   Data           1  kmy_printerdrv.o(.data)
    font_type                                0x20000b51   Data           1  kmy_printerdrv.o(.data)
    BMPLine                                  0x20000b52   Data           1  kmy_printerdrv.o(.data)
    BMPWide                                  0x20000b54   Data           4  kmy_printerdrv.o(.data)
    BMPLeftWide                              0x20000b58   Data           4  kmy_printerdrv.o(.data)
    BMPBit                                   0x20000b5c   Data           1  kmy_printerdrv.o(.data)
    underlineON_Pt                           0x20000b60   Data           4  kmy_printerdrv.o(.data)
    underlineOFF_Pt                          0x20000b64   Data           4  kmy_printerdrv.o(.data)
    PsamState                                0x20000b68   Data           1  kmy_psamdrv.o(.data)
    PSAM_AtrLen                              0x20000b69   Data           1  kmy_psamdrv.o(.data)
    ii1                                      0x20000be8   Data           1  kmy_magcardpadrv.o(.data)
    ii2                                      0x20000be9   Data           1  kmy_magcardpadrv.o(.data)
    ii3                                      0x20000bea   Data           1  kmy_magcardpadrv.o(.data)
    temp1                                    0x20000bec   Data           2  kmy_magcardpadrv.o(.data)
    temp2                                    0x20000bee   Data           2  kmy_magcardpadrv.o(.data)
    temp3                                    0x20000bf0   Data           2  kmy_magcardpadrv.o(.data)
    ClkFall1                                 0x20000bf2   Data           1  kmy_magcardpadrv.o(.data)
    ClkFall2                                 0x20000bf3   Data           1  kmy_magcardpadrv.o(.data)
    ClkFall3                                 0x20000bf4   Data           1  kmy_magcardpadrv.o(.data)
    DataStart1                               0x20000bf5   Data           1  kmy_magcardpadrv.o(.data)
    DataStart2                               0x20000bf6   Data           1  kmy_magcardpadrv.o(.data)
    DataStart3                               0x20000bf7   Data           1  kmy_magcardpadrv.o(.data)
    Counter1                                 0x20000bf8   Data           2  kmy_magcardpadrv.o(.data)
    Counter2                                 0x20000bfa   Data           2  kmy_magcardpadrv.o(.data)
    Counter3                                 0x20000bfc   Data           2  kmy_magcardpadrv.o(.data)
    ProcRecvData1                            0x20000c00   Data           4  kmy_magcardpadrv.o(.data)
    ProcRecvData2                            0x20000c04   Data           4  kmy_magcardpadrv.o(.data)
    ProcRecvData3                            0x20000c08   Data           4  kmy_magcardpadrv.o(.data)
    rak_spiTimer1                            0x20000c0c   Data           4  kmy_wifi.o(.data)
    rak_spiTimer2                            0x20000c10   Data           4  kmy_wifi.o(.data)
    rak_spiTimer3                            0x20000c14   Data           4  kmy_wifi.o(.data)
    rak_strIntStatus                         0x20000c18   Data           3  kmy_wifi.o(.data)
    __stdout                                 0x20000c1c   Data           4  stdout.o(.data)
    __microlib_freelist                      0x20000c24   Data           4  mvars.o(.data)
    __microlib_freelist_initialised          0x20000c28   Data           4  mvars.o(.data)
    gOrderBuf                                0x20000c70   Data        3072  foodorder.o(.bss)
    pBufNonBlock                             0x20001870   Data         256  foodorder.o(.bss)
    g_TermID                                 0x200019e8   Data          13  main.o(.bss)
    Domain_IP                                0x20002790   Data          51  setting.o(.bss)
    ApnApn                                   0x200027c3   Data          51  setting.o(.bss)
    ApnUsername                              0x200027f6   Data          22  setting.o(.bss)
    ApnPassword                              0x2000280c   Data          22  setting.o(.bss)
    EnterAdvancedSetPassWord                 0x20002822   Data          22  setting.o(.bss)
    TerminalID                               0x20002838   Data          17  setting.o(.bss)
    TerminalPassword                         0x20002849   Data          17  setting.o(.bss)
    VersionURL                               0x2000285a   Data         101  setting.o(.bss)
    UpgradeURL                               0x200028bf   Data         101  setting.o(.bss)
    RequestWebURL                            0x20002924   Data         151  setting.o(.bss)
    CallbackURL                              0x200029bb   Data         151  setting.o(.bss)
    RejectReason                             0x20002a52   Data         201  setting.o(.bss)
    ResID                                    0x20002b1b   Data          11  setting.o(.bss)
    LoginWebUsername                         0x20002b26   Data          21  setting.o(.bss)
    LoginWebPassword                         0x20002b3b   Data          21  setting.o(.bss)
    NetOpenTime                              0x20002b50   Data          10  setting.o(.bss)
    NetCloseTime                             0x20002b5a   Data          10  setting.o(.bss)
    PrintPageHeader                          0x20002b64   Data          31  setting.o(.bss)
    PrintPageFooter                          0x20002b83   Data         101  setting.o(.bss)
    AcceptTimeOptions                        0x20002be8   Data         151  setting.o(.bss)
    TimeZone                                 0x20002c7f   Data          51  setting.o(.bss)
    LocalIpPortBuf                           0x20002cb2   Data          28  setting.o(.bss)
    GatewayBuff                              0x20002cce   Data          28  setting.o(.bss)
    DNSBuff                                  0x20002cea   Data          28  setting.o(.bss)
    MaskBuff                                 0x20002d06   Data          28  setting.o(.bss)
    WLANWP                                   0x20002d22   Data          30  setting.o(.bss)
    SSID                                     0x20002d40   Data          30  setting.o(.bss)
    PSAM_A2R                                 0x20003200   Data          44  kmy_psamdrv.o(.bss)
    PSAM_ATR_Table                           0x2000322c   Data          40  kmy_psamdrv.o(.bss)
    PSAM_ADPU                                0x20003254   Data          26  kmy_psamdrv.o(.bss)
    PSAM_Responce                            0x2000326e   Data          22  kmy_psamdrv.o(.bss)
    rak_strapi                               0x20004014   Data         608  kmy_wifi.o(.bss)
    uCmdRspFrame                             0x20004274   Data        1452  kmy_wifi.o(.bss)
    __heap_base                              0x20004820   Data           0  startup_stm32f10x_hd.o(HEAP)
    __heap_limit                             0x20004a20   Data           0  startup_stm32f10x_hd.o(HEAP)
    __initial_sp                             0x20008a20   Data           0  startup_stm32f10x_hd.o(STACK)



==============================================================================

Memory Map of the image

  Image Entry point : 0x0800c131

  Load Region LR_IROM1 (Base: 0x0800c000, Size: 0x00030314, Max: 0x00074000, ABSOLUTE, COMPRESSED[0x0002fe90])

    Execution Region ER_IROM1 (Base: 0x0800c000, Size: 0x0002f6e4, Max: 0x00074000, ABSOLUTE)

    Base Addr    Size         Type   Attr      Idx    E Section Name        Object

    0x0800c000   0x00000130   Data   RO          610    RESET               startup_stm32f10x_hd.o
    0x0800c130   0x00000000   Code   RO         1128  * .ARM.Collect$$$$00000000  entry.o(mc_w.l)
    0x0800c130   0x00000004   Code   RO         1318    .ARM.Collect$$$$00000001  entry2.o(mc_w.l)
    0x0800c134   0x00000004   Code   RO         1321    .ARM.Collect$$$$00000004  entry5.o(mc_w.l)
    0x0800c138   0x00000008   Code   RO         1322    .ARM.Collect$$$$00000007  entry7.o(mc_w.l)
    0x0800c140   0x00000004   Code   RO         1319    .ARM.Collect$$$$00002712  entry2.o(mc_w.l)
    0x0800c144   0x00000024   Code   RO          611    .text               startup_stm32f10x_hd.o
    0x0800c168   0x0000007c   Code   RO         1085    .text               kmy_battarydrv.o(kmy_Drv_Vector.lib)
    0x0800c1e4   0x00000040   Code   RO         1086    .text               kmy_beepdrv.o(kmy_Drv_Vector.lib)
    0x0800c224   0x000007dc   Code   RO         1087    .text               kmy_eepromdrv.o(kmy_Drv_Vector.lib)
    0x0800ca00   0x000003c0   Code   RO         1088    .text               kmy_flashdrv.o(kmy_Drv_Vector.lib)
    0x0800cdc0   0x0000008c   Code   RO         1089    .text               kmy_gprsdrv.o(kmy_Drv_Vector.lib)
    0x0800ce4c   0x00000a64   Code   RO         1090    .text               kmy_keydrv.o(kmy_Drv_Vector.lib)
    0x0800d8b0   0x000009ec   Code   RO         1092    .text               kmy_lcddrv.o(kmy_Drv_Vector.lib)
    0x0800e29c   0x0000005c   Code   RO         1095    .text               kmy_leddrv.o(kmy_Drv_Vector.lib)
    0x0800e2f8   0x000000c4   Code   RO         1096    .text               kmy_misc.o(kmy_Drv_Vector.lib)
    0x0800e3bc   0x0000328c   Code   RO         1097    .text               kmy_printerdrv.o(kmy_Drv_Vector.lib)
    0x08011648   0x00000c1c   Code   RO         1100    .text               kmy_psamdrv.o(kmy_Drv_Vector.lib)
    0x08012264   0x00000058   Code   RO         1104    .text               kmy_tamperdrv.o(kmy_Drv_Vector.lib)
    0x080122bc   0x00000658   Code   RO         1106    .text               kmy_time.o(kmy_Drv_Vector.lib)
    0x08012914   0x00000238   Code   RO         1109    .text               kmy_usart1drv.o(kmy_Drv_Vector.lib)
    0x08012b4c   0x00000320   Code   RO         1113    .text               kmy_usart2drv.o(kmy_Drv_Vector.lib)
    0x08012e6c   0x0000020c   Code   RO         1116    .text               kmy_usart3drv.o(kmy_Drv_Vector.lib)
    0x08013078   0x00000188   Code   RO         1119    .text               kmy_adc.o(kmy_Drv_Vector.lib)
    0x08013200   0x00000f9c   Code   RO         1120    .text               kmy_magcardpadrv.o(kmy_Drv_Vector.lib)
    0x0801419c   0x00000f10   Code   RO         1122    .text               kmy_wifi.o(kmy_Drv_Vector.lib)
    0x080150ac   0x00000300   Code   RO         1125    .text               kmy_wifi_spi.o(kmy_Drv_Vector.lib)
    0x080153ac   0x0000005a   Code   RO         1152    .text               uldiv.o(mc_w.l)
    0x08015406   0x00000002   PAD
    0x08015408   0x00000024   Code   RO         1153    .text               rand.o(mc_w.l)
    0x0801542c   0x00000024   Code   RO         1155    .text               memcpya.o(mc_w.l)
    0x08015450   0x00000026   Code   RO         1156    .text               memseta.o(mc_w.l)
    0x08015476   0x0000001c   Code   RO         1157    .text               strcat.o(mc_w.l)
    0x08015492   0x0000002c   Code   RO         1158    .text               strstr.o(mc_w.l)
    0x080154be   0x00000018   Code   RO         1159    .text               strncpy.o(mc_w.l)
    0x080154d6   0x00000012   Code   RO         1160    .text               strchr.o(mc_w.l)
    0x080154e8   0x00000010   Code   RO         1161    .text               strlen.o(mc_w.l)
    0x080154f8   0x0000001c   Code   RO         1162    .text               strcmp.o(mc_w.l)
    0x08015514   0x00000028   Code   RO         1163    .text               strncat.o(mc_w.l)
    0x0801553c   0x00000012   Code   RO         1164    .text               strcpy.o(mc_w.l)
    0x0801554e   0x0000001a   Code   RO         1303    .text               atoi.o(mc_w.l)
    0x08015568   0x0000006a   Code   RO         1305    .text               fmul.o(mf_w.l)
    0x080155d2   0x0000015e   Code   RO         1307    .text               dadd.o(mf_w.l)
    0x08015730   0x000000f0   Code   RO         1308    .text               dmul.o(mf_w.l)
    0x08015820   0x00000118   Code   RO         1309    .text               ddiv.o(mf_w.l)
    0x08015938   0x0000000a   Code   RO         1311    .text               ffltui.o(mf_w.l)
    0x08015942   0x00000032   Code   RO         1312    .text               ffixi.o(mf_w.l)
    0x08015974   0x00000024   Code   RO         1314    .text               f2d.o(mf_w.l)
    0x08015998   0x00000040   Code   RO         1315    .text               d2f.o(mf_w.l)
    0x080159d8   0x0000002c   Code   RO         1330    .text               uidiv.o(mc_w.l)
    0x08015a04   0x00000020   Code   RO         1331    .text               llshl.o(mc_w.l)
    0x08015a24   0x0000001e   Code   RO         1332    .text               llushr.o(mc_w.l)
    0x08015a42   0x00000022   Code   RO         1333    .text               llsshr.o(mc_w.l)
    0x08015a64   0x00000070   Code   RO         1341    .text               strtol.o(mc_w.l)
    0x08015ad4   0x00000000   Code   RO         1342    .text               iusefp.o(mc_w.l)
    0x08015ad4   0x0000006e   Code   RO         1343    .text               fepilogue.o(mf_w.l)
    0x08015b42   0x000000ea   Code   RO         1344    .text               depilogue.o(mf_w.l)
    0x08015c2c   0x00000032   Code   RO         1345    .text               dfixul.o(mf_w.l)
    0x08015c5e   0x00000002   PAD
    0x08015c60   0x0000004c   Code   RO         1346    .text               cdrcmple.o(mf_w.l)
    0x08015cac   0x00000024   Code   RO         1347    .text               init.o(mc_w.l)
    0x08015cd0   0x00000008   Code   RO         1349    .text               ctype_o.o(mc_w.l)
    0x08015cd8   0x00000098   Code   RO         1366    .text               _strtoul.o(mc_w.l)
    0x08015d70   0x00000020   Code   RO         1370    .text               _chval.o(mc_w.l)
    0x08015d90   0x0000005e   Code   RO         1377    .text               __dczerorl2.o(mc_w.l)
    0x08015dee   0x00000002   PAD
    0x08015df0   0x000001bc   Code   RO          121    i.ABCReadCode       forminput.o
    0x08015fac   0x00000214   Code   RO          499    i.ABCReadCode       shurufa.o
    0x080161c0   0x00000016   Code   RO          623    i.ADC_Cmd           stm32f10x_adc.o
    0x080161d6   0x00000002   PAD
    0x080161d8   0x0000005c   Code   RO          625    i.ADC_DeInit        stm32f10x_adc.o
    0x08016234   0x00000014   Code   RO          631    i.ADC_GetCalibrationStatus  stm32f10x_adc.o
    0x08016248   0x00000008   Code   RO          632    i.ADC_GetConversionValue  stm32f10x_adc.o
    0x08016250   0x00000012   Code   RO          634    i.ADC_GetFlagStatus  stm32f10x_adc.o
    0x08016262   0x00000014   Code   RO          637    i.ADC_GetResetCalibrationStatus  stm32f10x_adc.o
    0x08016276   0x00000002   PAD
    0x08016278   0x0000004c   Code   RO          641    i.ADC_Init          stm32f10x_adc.o
    0x080162c4   0x000000b4   Code   RO          645    i.ADC_RegularChannelConfig  stm32f10x_adc.o
    0x08016378   0x0000000a   Code   RO          646    i.ADC_ResetCalibration  stm32f10x_adc.o
    0x08016382   0x00000016   Code   RO          648    i.ADC_SoftwareStartConvCmd  stm32f10x_adc.o
    0x08016398   0x0000000a   Code   RO          650    i.ADC_StartCalibration  stm32f10x_adc.o
    0x080163a2   0x00000002   PAD
    0x080163a4   0x000004a8   Code   RO           76    i.AcceptOrder       foodorder.o
    0x0801684c   0x00000078   Code   RO           77    i.AcceptRejectMenu  foodorder.o
    0x080168c4   0x00000094   Code   RO          410    i.AcceptTimeMode_set  setting.o
    0x08016958   0x0000004c   Code   RO           79    i.AddCarriage       foodorder.o
    0x080169a4   0x0000010c   Code   RO           80    i.AddSpaces         foodorder.o
    0x08016ab0   0x000000d4   Code   RO          411    i.AdvancedSet       setting.o
    0x08016b84   0x000002d4   Code   RO          188    i.ApplicationInit   main.o
    0x08016e58   0x00000018   Code   RO          653    i.BKP_ClearFlag     stm32f10x_bkp.o
    0x08016e70   0x0000000c   Code   RO          658    i.BKP_ITConfig      stm32f10x_bkp.o
    0x08016e7c   0x00000010   Code   RO          660    i.BKP_ReadBackupRegister  stm32f10x_bkp.o
    0x08016e8c   0x0000000c   Code   RO          662    i.BKP_TamperPinCmd  stm32f10x_bkp.o
    0x08016e98   0x0000000c   Code   RO          663    i.BKP_TamperPinLevelConfig  stm32f10x_bkp.o
    0x08016ea4   0x00000010   Code   RO          664    i.BKP_WriteBackupRegister  stm32f10x_bkp.o
    0x08016eb4   0x00000140   Code   RO          414    i.BasicApnSetApn    setting.o
    0x08016ff4   0x00000158   Code   RO          415    i.BasicApnSetPassword  setting.o
    0x0801714c   0x00000158   Code   RO          416    i.BasicApnSetUsername  setting.o
    0x080172a4   0x00000120   Code   RO          417    i.BasicKeyTone      setting.o
    0x080173c4   0x00000070   Code   RO          418    i.BasicSettings     setting.o
    0x08017434   0x00000094   Code   RO          419    i.BeepDuration_set  setting.o
    0x080174c8   0x00000012   Code   RO           81    i.BeepLound         foodorder.o
    0x080174da   0x00000012   Code   RO          151    i.BeepNormal        key.o
    0x080174ec   0x0000000c   Code   RO          226    i.BroadCastChannelSet  message.o
    0x080174f8   0x0000000c   Code   RO          227    i.BroadCastLanguageSelect  message.o
    0x08017504   0x0000000c   Code   RO          228    i.BroadCastRead     message.o
    0x08017510   0x0000000c   Code   RO          229    i.BroadCastStart    message.o
    0x0801751c   0x00000018   Code   RO          594    i.BusFault_Handler  stm32f10x_it.o
    0x08017534   0x00000040   Code   RO          500    i.CalculateCursorOffset  shurufa.o
    0x08017574   0x000000a8   Code   RO          420    i.Callback_set      setting.o
    0x0801761c   0x000000b8   Code   RO          421    i.ChangeNetwork     setting.o
    0x080176d4   0x0000011c   Code   RO           83    i.CheckOrderFailWarn  foodorder.o
    0x080177f0   0x000000a4   Code   RO          422    i.CheckOrderInterval_set  setting.o
    0x08017894   0x0000039c   Code   RO          232    i.CheckPINAndPUK    message.o
    0x08017c30   0x00000020   Code   RO          234    i.CheckThisIndexMsgReaded  message.o
    0x08017c50   0x00000058   Code   RO           84    i.CheckTimeFormat   foodorder.o
    0x08017ca8   0x0000000c   Code   RO          235    i.ColorDraftBox     message.o
    0x08017cb4   0x0000000c   Code   RO          236    i.ColorMessageCapacity  message.o
    0x08017cc0   0x0000000c   Code   RO          237    i.ColorMessageSet   message.o
    0x08017ccc   0x0000000c   Code   RO          238    i.ColorReceiveMailBox  message.o
    0x08017cd8   0x0000000c   Code   RO          239    i.ColorSendedBox    message.o
    0x08017ce4   0x0000000c   Code   RO          240    i.ColorSendedMessage  message.o
    0x08017cf0   0x0000000c   Code   RO          241    i.ColorWriteMessage  message.o
    0x08017cfc   0x000000bc   Code   RO           86    i.Confirm_Orders    foodorder.o
    0x08017db8   0x0000020c   Code   RO          424    i.ContrastSet       setting.o
    0x08017fc4   0x00000038   Code   RO           11    i.Cursor_Init       cursor.o
    0x08017ffc   0x00000070   Code   RO           12    i.Cursor_OnOff      cursor.o
    0x0801806c   0x00000048   Code   RO           16    i.Cursor_SetX       cursor.o
    0x080180b4   0x00000048   Code   RO           17    i.Cursor_SetY       cursor.o
    0x080180fc   0x00000070   Code   RO           18    i.Cursor_Twinkle    cursor.o
    0x0801816c   0x000001dc   Code   RO          425    i.DNSSet            setting.o
    0x08018348   0x00000002   Code   RO          595    i.DebugMon_Handler  stm32f10x_it.o
    0x0801834a   0x00000002   PAD
    0x0801834c   0x00000128   Code   RO          426    i.DhcpSet           setting.o
    0x08018474   0x00000028   Code   RO          161    i.DispHighLightRow  lcd.o
    0x0801849c   0x0000001c   Code   RO          163    i.DispHighLightRow_to_x_width  lcd.o
    0x080184b8   0x00000148   Code   RO          427    i.DisplayCID        setting.o
    0x08018600   0x0000003c   Code   RO          190    i.DisplayChargeElectricity  main.o
    0x0801863c   0x00000068   Code   RO          191    i.DisplayElectricity  main.o
    0x080186a4   0x00000084   Code   RO          192    i.DisplayHourMinuteSecond  main.o
    0x08018728   0x000000e6   Code   RO          215    i.DisplayMenuPercent  menuoperate.o
    0x0801880e   0x00000002   PAD
    0x08018810   0x00000160   Code   RO          567    i.DisplayNetwork    wifi.o
    0x08018970   0x00000070   Code   RO          193    i.DisplayPleaseCharge  main.o
    0x080189e0   0x00000044   Code   RO          194    i.DisplaySignalQuality  main.o
    0x08018a24   0x00000044   Code   RO          501    i.DisplaySrfAndInput  shurufa.o
    0x08018a68   0x000000c4   Code   RO          565    i.DisplayVersion    version.o
    0x08018b2c   0x00000044   Code   RO          568    i.DisplayWiFiSignal  wifi.o
    0x08018b70   0x00000080   Code   RO          195    i.DisplayYearMothDayWeek  main.o
    0x08018bf0   0x0000004c   Code   RO          428    i.Display_ChipId    setting.o
    0x08018c3c   0x000000d4   Code   RO          429    i.Display_IMEI      setting.o
    0x08018d10   0x00000048   Code   RO          430    i.Display_KMY_LibVersion  setting.o
    0x08018d58   0x00000044   Code   RO          431    i.Display_RandomNumber  setting.o
    0x08018d9c   0x0000007c   Code   RO           89    i.DistributedAlign  foodorder.o
    0x08018e18   0x0000000c   Code   RO          243    i.DraftBox          message.o
    0x08018e24   0x00000034   Code   RO          164    i.DrawTitle_to_row  lcd.o
    0x08018e58   0x0000002c   Code   RO          165    i.DrawTitle_to_row_Language2  lcd.o
    0x08018e84   0x0000000c   Code   RO          737    i.EXTI_ClearITPendingBit  stm32f10x_exti.o
    0x08018e90   0x0000002c   Code   RO          741    i.EXTI_GetITStatus  stm32f10x_exti.o
    0x08018ebc   0x000000ac   Code   RO          742    i.EXTI_Init         stm32f10x_exti.o
    0x08018f68   0x0000001e   Code   RO           35    i.EepromFile_CheckFileExist  eepromfilesystem.o
    0x08018f86   0x0000012a   Code   RO           36    i.EepromFile_CheckWhetherHaveThisFile  eepromfilesystem.o
    0x080190b0   0x000000ee   Code   RO           37    i.EepromFile_Create  eepromfilesystem.o
    0x0801919e   0x0000002e   Code   RO           38    i.EepromFile_Delete  eepromfilesystem.o
    0x080191cc   0x00000022   Code   RO           39    i.EepromFile_DeleteAllPageArea  eepromfilesystem.o
    0x080191ee   0x00000002   PAD
    0x080191f0   0x000000b0   Code   RO           40    i.EepromFile_DeleteEfpAttibute  eepromfilesystem.o
    0x080192a0   0x00000020   Code   RO           41    i.EepromFile_FileSystemFormat  eepromfilesystem.o
    0x080192c0   0x0000007a   Code   RO           42    i.EepromFile_GetAIdlePage  eepromfilesystem.o
    0x0801933a   0x00000066   Code   RO           44    i.EepromFile_GetFileStruct  eepromfilesystem.o
    0x080193a0   0x00000050   Code   RO           45    i.EepromFile_GetIdleAreaSize  eepromfilesystem.o
    0x080193f0   0x00000058   Code   RO           46    i.EepromFile_GetPageRelationAreaTwoByte  eepromfilesystem.o
    0x08019448   0x00000060   Code   RO           47    i.EepromFile_GetPageRelationAreaTwoByte_AndDelete  eepromfilesystem.o
    0x080194a8   0x0000001c   Code   RO           48    i.EepromFile_GetPhysicalPage  eepromfilesystem.o
    0x080194c4   0x00000012   Code   RO           49    i.EepromFile_GetTotalFiles  eepromfilesystem.o
    0x080194d6   0x00000036   Code   RO           50    i.EepromFile_Open   eepromfilesystem.o
    0x0801950c   0x000000f0   Code   RO           52    i.EepromFile_SaveEfpAttibute  eepromfilesystem.o
    0x080195fc   0x0000007c   Code   RO           54    i.EepromFile_SetPageArea  eepromfilesystem.o
    0x08019678   0x0000000e   Code   RO           55    i.EepromFile_SetTotalFiles  eepromfilesystem.o
    0x08019686   0x00000018   Code   RO           56    i.EepromFile_TotalFileAdd1  eepromfilesystem.o
    0x0801969e   0x00000016   Code   RO           57    i.EepromFile_TotalFilePlus1  eepromfilesystem.o
    0x080196b4   0x00000096   Code   RO           58    i.EepromFile_Write  eepromfilesystem.o
    0x0801974a   0x00000002   PAD
    0x0801974c   0x000000f8   Code   RO           59    i.EepromFile_WriteData  eepromfilesystem.o
    0x08019844   0x00000014   Code   RO           60    i.EepromFile_WritePage  eepromfilesystem.o
    0x08019858   0x0000003c   Code   RO           61    i.EepromFile_checkThisPageWhetherOk  eepromfilesystem.o
    0x08019894   0x000000ae   Code   RO           62    i.EepromFile_read   eepromfilesystem.o
    0x08019942   0x00000024   Code   RO           63    i.EepromFile_readFileCurrentPage  eepromfilesystem.o
    0x08019966   0x00000014   Code   RO           64    i.EepromFile_readPage  eepromfilesystem.o
    0x0801997a   0x00000002   PAD
    0x0801997c   0x0000006c   Code   RO          366    i.EraseEepromPage   selftest.o
    0x080199e8   0x00000054   Code   RO          367    i.EraseEepromPage0_30  selftest.o
    0x08019a3c   0x00000098   Code   RO          368    i.EraseFlashPage    selftest.o
    0x08019ad4   0x00000034   Code   RO          196    i.EventFunction     main.o
    0x08019b08   0x00000190   Code   RO          369    i.ExternalSerail1_GSMModule  selftest.o
    0x08019c98   0x00000014   Code   RO          766    i.FLASH_SetLatency  stm32f10x_flash.o
    0x08019cac   0x00000832   Code   RO          122    i.FormInput         forminput.o
    0x0801a4de   0x00000002   PAD
    0x0801a4e0   0x00000078   Code   RO          123    i.Form_ClearDisplayErea  forminput.o
    0x0801a558   0x00000046   Code   RO          124    i.Form_display      forminput.o
    0x0801a59e   0x00000032   Code   RO          125    i.Form_text_out     forminput.o
    0x0801a5d0   0x00000128   Code   RO          432    i.FormatEEPROM      setting.o
    0x0801a6f8   0x00000254   Code   RO          371    i.FromInput_Test    selftest.o
    0x0801a94c   0x0000003c   Code   RO          794    i.GPIO_EXTILineConfig  stm32f10x_gpio.o
    0x0801a988   0x00000110   Code   RO          797    i.GPIO_Init         stm32f10x_gpio.o
    0x0801aa98   0x0000008c   Code   RO          799    i.GPIO_PinRemapConfig  stm32f10x_gpio.o
    0x0801ab24   0x00000012   Code   RO          801    i.GPIO_ReadInputDataBit  stm32f10x_gpio.o
    0x0801ab36   0x00000004   Code   RO          804    i.GPIO_ResetBits    stm32f10x_gpio.o
    0x0801ab3a   0x00000004   Code   RO          805    i.GPIO_SetBits      stm32f10x_gpio.o
    0x0801ab3e   0x0000000a   Code   RO          808    i.GPIO_WriteBit     stm32f10x_gpio.o
    0x0801ab48   0x000013fc   Code   RO           90    i.GPRS_Thread       foodorder.o
    0x0801bf44   0x000001e0   Code   RO          433    i.GatewaySet        setting.o
    0x0801c124   0x00000030   Code   RO          434    i.GetBitOfDecimal   setting.o
    0x0801c154   0x00000080   Code   RO          132    i.GetCCID           gprs.o
    0x0801c1d4   0x0000005c   Code   RO           91    i.GetCountOfOrders  foodorder.o
    0x0801c230   0x00000168   Code   RO           92    i.GetHttpCallbackString  foodorder.o
    0x0801c398   0x00000110   Code   RO           93    i.GetHttpGETString  foodorder.o
    0x0801c4a8   0x0000008c   Code   RO          133    i.GetIMEI           gprs.o
    0x0801c534   0x00000042   Code   RO          216    i.GetKeyNumVal      menuoperate.o
    0x0801c576   0x00000002   PAD
    0x0801c578   0x000000d4   Code   RO          244    i.GetMessageNode    message.o
    0x0801c64c   0x00000088   Code   RO          245    i.GetMessageTotalAndCapacity  message.o
    0x0801c6d4   0x00000100   Code   RO          246    i.GetMessage_state_number_datetime  message.o
    0x0801c7d4   0x0000007c   Code   RO          584    i.GetNTPTime        ntp.o
    0x0801c850   0x00000078   Code   RO          197    i.GetNetName        main.o
    0x0801c8c8   0x0000067c   Code   RO           95    i.GetOneOrder       foodorder.o
    0x0801cf44   0x000000b4   Code   RO           96    i.GetRejectReason   foodorder.o
    0x0801cff8   0x00000574   Code   RO          502    i.GetRejectReasonAndInput  shurufa.o
    0x0801d56c   0x00000534   Code   RO           97    i.GetSelectItemOfMenus  foodorder.o
    0x0801daa0   0x00000058   Code   RO          503    i.GetSrfString      shurufa.o
    0x0801daf8   0x00000038   Code   RO          504    i.GetString_123TimeInput  shurufa.o
    0x0801db30   0x0000002c   Code   RO          506    i.GetString_abcABC123PYWuBi2  shurufa.o
    0x0801db5c   0x0000003a   Code   RO          507    i.GetString_abcABC123PYWuBi_Language2  shurufa.o
    0x0801db96   0x0000001c   Code   RO          435    i.GetSum            setting.o
    0x0801dbb2   0x00000002   PAD
    0x0801dbb4   0x00000068   Code   RO          100    i.GetTcpConnectATString  foodorder.o
    0x0801dc1c   0x000000e0   Code   RO          101    i.GetUPgradeGETString  foodorder.o
    0x0801dcfc   0x0000006c   Code   RO          198    i.GetWiFiStatus     main.o
    0x0801dd68   0x00000058   Code   RO          126    i.GetinputModeString  forminput.o
    0x0801ddc0   0x000000b8   Code   RO          134    i.Gprs_SendDataLen  gprs.o
    0x0801de78   0x00000018   Code   RO          596    i.HardFault_Handler  stm32f10x_it.o
    0x0801de90   0x00000118   Code   RO          102    i.HaveReceiveOrder  foodorder.o
    0x0801dfa8   0x000000ac   Code   RO          103    i.HaveUpgrade       foodorder.o
    0x0801e054   0x00000040   Code   RO          104    i.InitOrder         foodorder.o
    0x0801e094   0x00000070   Code   RO          436    i.InitParameterSet  setting.o
    0x0801e104   0x00000038   Code   RO          105    i.InputDeliveryTime  foodorder.o
    0x0801e13c   0x0000014c   Code   RO          437    i.IpAddSet          setting.o
    0x0801e288   0x00000032   Code   RO          585    i.IsLeapYear        ntp.o
    0x0801e2ba   0x00000002   PAD
    0x0801e2bc   0x00000024   Code   RO          152    i.KeyEventPost      key.o
    0x0801e2e0   0x00000002   Code   RO          154    i.KeyIsResponse     key.o
    0x0801e2e2   0x00000002   PAD
    0x0801e2e4   0x00000120   Code   RO          439    i.LanguageSet       setting.o
    0x0801e404   0x0000004c   Code   RO          440    i.LanguageSet_Chinese  setting.o
    0x0801e450   0x0000004c   Code   RO          441    i.LanguageSet_English  setting.o
    0x0801e49c   0x00000220   Code   RO          106    i.Latest_Orders     foodorder.o
    0x0801e6bc   0x000001d8   Code   RO          442    i.LoclaIPSet        setting.o
    0x0801e894   0x000000a4   Code   RO          443    i.LoginPassword_set  setting.o
    0x0801e938   0x000000a4   Code   RO          444    i.LoginUsername_set  setting.o
    0x0801e9dc   0x00000080   Code   RO          199    i.MainMenuScreen    main.o
    0x0801ea5c   0x00000070   Code   RO          249    i.MainMenuScreen_Message_ColorMessage  message.o
    0x0801eacc   0x00000070   Code   RO          250    i.MainMenuScreen_Message_ShortMessage  message.o
    0x0801eb3c   0x00000070   Code   RO          251    i.MainMenuScreen_Message_VoiceMailbox  message.o
    0x0801ebac   0x00000070   Code   RO          252    i.MainMenuScreen_Message_XiaoquGuanbo  message.o
    0x0801ec1c   0x00000080   Code   RO          445    i.MainMenuScreen_Settings  setting.o
    0x0801ec9c   0x000001e8   Code   RO          446    i.MaskSet           setting.o
    0x0801ee84   0x00000018   Code   RO          597    i.MemManage_Handler  stm32f10x_it.o
    0x0801ee9c   0x00000330   Code   RO          220    i.MenuHandler_Language2  menuoperate.o
    0x0801f1cc   0x000003f8   Code   RO          221    i.MenuHandler_Language2_Pic  menuoperate.o
    0x0801f5c4   0x00000316   Code   RO          222    i.MenuHandler_Orders  menuoperate.o
    0x0801f8da   0x0000004e   Code   RO          286    i.MenuOperate_response_keyDown  my_menuop.o
    0x0801f928   0x0000003c   Code   RO          287    i.MenuOperate_response_keyLeft  my_menuop.o
    0x0801f964   0x00000052   Code   RO          288    i.MenuOperate_response_keyRight  my_menuop.o
    0x0801f9b6   0x00000052   Code   RO          289    i.MenuOperate_response_keyUp  my_menuop.o
    0x0801fa08   0x0000000c   Code   RO          253    i.MessageCapacity   message.o
    0x0801fa14   0x00000054   Code   RO          254    i.MessageDelete     message.o
    0x0801fa68   0x00000108   Code   RO          255    i.MessageDisplayContext  message.o
    0x0801fb70   0x0000000c   Code   RO          256    i.MessageSet        message.o
    0x0801fb7c   0x00000068   Code   RO          257    i.Message_delete_all  message.o
    0x0801fbe4   0x00000068   Code   RO          258    i.Message_delete_this  message.o
    0x0801fc4c   0x0000000c   Code   RO          259    i.MobileQQ          message.o
    0x0801fc58   0x00000002   Code   RO          598    i.NMI_Handler       stm32f10x_it.o
    0x0801fc5a   0x00000002   PAD
    0x0801fc5c   0x000000d0   Code   RO          447    i.NT_MakeParameter  setting.o
    0x0801fd2c   0x00000148   Code   RO          448    i.NT_StoreParam     setting.o
    0x0801fe74   0x00000048   Code   RO          449    i.NT_itoa           setting.o
    0x0801febc   0x00000084   Code   RO          612    i.NVIC_Init         misc.o
    0x0801ff40   0x00000014   Code   RO          613    i.NVIC_PriorityGroupConfig  misc.o
    0x0801ff54   0x0000002c   Code   RO          200    i.NVIC_SystemReset  main.o
    0x0801ff80   0x000000e0   Code   RO          450    i.NetCloseTime_set  setting.o
    0x08020060   0x000000dc   Code   RO          451    i.NetOpenTime_set   setting.o
    0x0802013c   0x00000120   Code   RO          452    i.NetworkONOFF_set  setting.o
    0x0802025c   0x0000014c   Code   RO          453    i.NetworkSet        setting.o
    0x080203a8   0x0000004c   Code   RO          454    i.NetworkSet_GPRS   setting.o
    0x080203f4   0x0000004c   Code   RO          455    i.NetworkSet_WiFi   setting.o
    0x08020440   0x00000048   Code   RO          456    i.Network_Close     setting.o
    0x08020488   0x00000048   Code   RO          457    i.Network_Open      setting.o
    0x080204d0   0x000002a4   Code   RO          586    i.NtpWiFi_Connect   ntp.o
    0x08020774   0x000000cc   Code   RO          587    i.NtpWiFi_Receive   ntp.o
    0x08020840   0x00000198   Code   RO          588    i.NtpWiFi_Send      ntp.o
    0x080209d8   0x00000168   Code   RO          458    i.OpPsword          setting.o
    0x08020b40   0x000000a4   Code   RO          459    i.OrderURL_set      setting.o
    0x08020be4   0x00000006   Code   RO          460    i.PIN_Change        setting.o
    0x08020bea   0x00000006   Code   RO          461    i.PIN_OpenClose     setting.o
    0x08020bf0   0x00000198   Code   RO          462    i.PIN_Store         setting.o
    0x08020d88   0x0000000c   Code   RO          848    i.PWR_BackupAccessCmd  stm32f10x_pwr.o
    0x08020d94   0x00000016   Code   RO          850    i.PWR_DeInit        stm32f10x_pwr.o
    0x08020daa   0x00000002   PAD
    0x08020dac   0x00000044   Code   RO          852    i.PWR_EnterSTOPMode  stm32f10x_pwr.o
    0x08020df0   0x00000038   Code   RO          508    i.PassWordArgDeInit  shurufa.o
    0x08020e28   0x00000044   Code   RO          510    i.PassWordInput2    shurufa.o
    0x08020e6c   0x0000002c   Code   RO          511    i.PassWordInput_MiddledDisplay  shurufa.o
    0x08020e98   0x00000002   Code   RO          599    i.PendSV_Handler    stm32f10x_it.o
    0x08020e9a   0x00000002   PAD
    0x08020e9c   0x000000cc   Code   RO          463    i.PinSet            setting.o
    0x08020f68   0x0000004c   Code   RO          464    i.Polish_Display_Keytone_Close  setting.o
    0x08020fb4   0x0000004c   Code   RO          465    i.Polish_Display_Keytone_Open  setting.o
    0x08021000   0x0000000c   Code   RO          155    i.PostKey           key.o
    0x0802100c   0x00000138   Code   RO          466    i.PowerOffScreenTime  setting.o
    0x08021144   0x000001d4   Code   RO          468    i.PrintDensitySet   setting.o
    0x08021318   0x000005b4   Code   RO          107    i.PrintOrder        foodorder.o
    0x080218cc   0x000000a0   Code   RO          470    i.PrintPageFooter_set  setting.o
    0x0802196c   0x000000a0   Code   RO          471    i.PrintPageHeader_set  setting.o
    0x08021a0c   0x00000218   Code   RO          201    i.ProcStandbyKey    main.o
    0x08021c24   0x00000014   Code   RO          857    i.RCC_ADCCLKConfig  stm32f10x_rcc.o
    0x08021c38   0x00000020   Code   RO          859    i.RCC_APB1PeriphClockCmd  stm32f10x_rcc.o
    0x08021c58   0x00000020   Code   RO          860    i.RCC_APB1PeriphResetCmd  stm32f10x_rcc.o
    0x08021c78   0x00000020   Code   RO          861    i.RCC_APB2PeriphClockCmd  stm32f10x_rcc.o
    0x08021c98   0x00000020   Code   RO          862    i.RCC_APB2PeriphResetCmd  stm32f10x_rcc.o
    0x08021cb8   0x0000004c   Code   RO          868    i.RCC_DeInit        stm32f10x_rcc.o
    0x08021d04   0x000000d4   Code   RO          869    i.RCC_GetClocksFreq  stm32f10x_rcc.o
    0x08021dd8   0x0000003c   Code   RO          870    i.RCC_GetFlagStatus  stm32f10x_rcc.o
    0x08021e14   0x00000010   Code   RO          872    i.RCC_GetSYSCLKSource  stm32f10x_rcc.o
    0x08021e24   0x00000014   Code   RO          873    i.RCC_HCLKConfig    stm32f10x_rcc.o
    0x08021e38   0x0000004c   Code   RO          874    i.RCC_HSEConfig     stm32f10x_rcc.o
    0x08021e84   0x00000034   Code   RO          877    i.RCC_LSEConfig     stm32f10x_rcc.o
    0x08021eb8   0x00000014   Code   RO          880    i.RCC_PCLK1Config   stm32f10x_rcc.o
    0x08021ecc   0x00000018   Code   RO          881    i.RCC_PCLK2Config   stm32f10x_rcc.o
    0x08021ee4   0x0000000c   Code   RO          882    i.RCC_PLLCmd        stm32f10x_rcc.o
    0x08021ef0   0x0000001c   Code   RO          883    i.RCC_PLLConfig     stm32f10x_rcc.o
    0x08021f0c   0x0000000c   Code   RO          884    i.RCC_RTCCLKCmd     stm32f10x_rcc.o
    0x08021f18   0x00000010   Code   RO          885    i.RCC_RTCCLKConfig  stm32f10x_rcc.o
    0x08021f28   0x00000014   Code   RO          886    i.RCC_SYSCLKConfig  stm32f10x_rcc.o
    0x08021f3c   0x00000030   Code   RO          888    i.RCC_WaitForHSEStartUp  stm32f10x_rcc.o
    0x08021f6c   0x00000018   Code   RO          892    i.RTC_EnterConfigMode  stm32f10x_rtc.o
    0x08021f84   0x0000001c   Code   RO          893    i.RTC_ExitConfigMode  stm32f10x_rtc.o
    0x08021fa0   0x0000001c   Code   RO          894    i.RTC_GetCounter    stm32f10x_rtc.o
    0x08021fbc   0x00000030   Code   RO          898    i.RTC_ITConfig      stm32f10x_rtc.o
    0x08021fec   0x00000024   Code   RO          900    i.RTC_SetCounter    stm32f10x_rtc.o
    0x08022010   0x00000024   Code   RO          901    i.RTC_SetPrescaler  stm32f10x_rtc.o
    0x08022034   0x00000014   Code   RO          902    i.RTC_WaitForLastTask  stm32f10x_rtc.o
    0x08022048   0x00000028   Code   RO          903    i.RTC_WaitForSynchro  stm32f10x_rtc.o
    0x08022070   0x00000090   Code   RO          136    i.ReadDatasFromSIM300_OKstr  gprs.o
    0x08022100   0x0000003a   Code   RO          137    i.ReadDatasFromtty  gprs.o
    0x0802213a   0x00000002   PAD
    0x0802213c   0x00000098   Code   RO          381    i.ReadEepromPage    selftest.o
    0x080221d4   0x000000a4   Code   RO          382    i.ReadFlashPage     selftest.o
    0x08022278   0x00000190   Code   RO          108    i.ReadOutOrders     foodorder.o
    0x08022408   0x00000070   Code   RO          474    i.ReadSomeMessage   setting.o
    0x08022478   0x000005e4   Code   RO          262    i.ReceiveMailBox    message.o
    0x08022a5c   0x00000424   Code   RO          109    i.RejectOrder       foodorder.o
    0x08022e80   0x00000070   Code   RO          475    i.RejectReason_set  setting.o
    0x08022ef0   0x000000bc   Code   RO          110    i.Reject_Orders     foodorder.o
    0x08022fac   0x000000d4   Code   RO          569    i.Reset_WiFi        wifi.o
    0x08023080   0x000000a0   Code   RO          476    i.RestaurantID_set  setting.o
    0x08023120   0x00000170   Code   RO          477    i.RestoreChuChangSet  setting.o
    0x08023290   0x00000108   Code   RO          478    i.RestoreConfigFile  setting.o
    0x08023398   0x000001b4   Code   RO          479    i.RestoreGlobalVariable  setting.o
    0x0802354c   0x00000018   Code   RO          939    i.SPI_Cmd           stm32f10x_spi.o
    0x08023564   0x00000012   Code   RO          947    i.SPI_I2S_GetFlagStatus  stm32f10x_spi.o
    0x08023576   0x00000006   Code   RO          950    i.SPI_I2S_ReceiveData  stm32f10x_spi.o
    0x0802357c   0x00000004   Code   RO          951    i.SPI_I2S_SendData  stm32f10x_spi.o
    0x08023580   0x0000003c   Code   RO          952    i.SPI_Init          stm32f10x_spi.o
    0x080235bc   0x00000018   Code   RO          954    i.SPI_SSOutputCmd   stm32f10x_spi.o
    0x080235d4   0x00000002   Code   RO          600    i.SVC_Handler       stm32f10x_it.o
    0x080235d6   0x00000002   PAD
    0x080235d8   0x000001f4   Code   RO          589    i.SYNC_Time         ntp.o
    0x080237cc   0x00000280   Code   RO          570    i.Search_Wifi       wifi.o
    0x08023a4c   0x0000008c   Code   RO          383    i.SelfTest          selftest.o
    0x08023ad8   0x00000084   Code   RO          384    i.SelfTest_BatVoltage  selftest.o
    0x08023b5c   0x00000050   Code   RO          385    i.SelfTest_DisplayFont  selftest.o
    0x08023bac   0x000002dc   Code   RO          386    i.SelfTest_ICTest   selftest.o
    0x08023e88   0x00000314   Code   RO          387    i.SelfTest_Key      selftest.o
    0x0802419c   0x000000ec   Code   RO          388    i.SelfTest_LED      selftest.o
    0x08024288   0x0000013c   Code   RO          389    i.SelfTest_MagCard  selftest.o
    0x080243c4   0x000001fc   Code   RO          390    i.SelfTest_MakeCall  selftest.o
    0x080245c0   0x000002d8   Code   RO          391    i.SelfTest_PSAM1Test  selftest.o
    0x08024898   0x000002d8   Code   RO          392    i.SelfTest_PSAM2Test  selftest.o
    0x08024b70   0x00000510   Code   RO          393    i.SelfTest_Printer  selftest.o
    0x08025080   0x00000120   Code   RO          394    i.SelfTest_PrinterFont  selftest.o
    0x080251a0   0x0000008c   Code   RO          396    i.SelfTest_ReadEepromPage0_30  selftest.o
    0x0802522c   0x00000290   Code   RO          397    i.SelfTest_ReceiveMessage  selftest.o
    0x080254bc   0x000001d8   Code   RO          398    i.SelfTest_SendSMS  selftest.o
    0x08025694   0x00000098   Code   RO          399    i.SelfTest_Soft     selftest.o
    0x0802572c   0x0000008c   Code   RO          139    i.SendAtCommand_UntillSuccess  gprs.o
    0x080257b8   0x000000b4   Code   RO          544    i.SendMessage_TextMode  sim900b.o
    0x0802586c   0x0000000c   Code   RO          263    i.SendedBox         message.o
    0x08025878   0x0000000c   Code   RO          264    i.SendedMessage     message.o
    0x08025884   0x00000054   Code   RO          111    i.SeperateIpAndPort  foodorder.o
    0x080258d8   0x0000000c   Code   RO          156    i.SetAutoExitTime   key.o
    0x080258e4   0x0000000c   Code   RO          157    i.SetBLOverTime     key.o
    0x080258f0   0x00000036   Code   RO          480    i.SetBitOfDecimal   setting.o
    0x08025926   0x00000008   Code   RO          603    i.SetSysClock       system_stm32f10x.o
    0x0802592e   0x00000002   PAD
    0x08025930   0x000000c8   Code   RO          604    i.SetSysClockTo72   system_stm32f10x.o
    0x080259f8   0x0000011c   Code   RO          265    i.Sim900B_init      message.o
    0x08025b14   0x00000078   Code   RO          401    i.SoftWare_Debug    selftest.o
    0x08025b8c   0x000000a8   Code   RO          202    i.StandbyResponseUserMenu  main.o
    0x08025c34   0x000000f0   Code   RO          481    i.StorageVariable   setting.o
    0x08025d24   0x000000e4   Code   RO          112    i.StoreAnOrder      foodorder.o
    0x08025e08   0x000000f6   Code   RO          513    i.SwitchSrf         shurufa.o
    0x08025efe   0x000000f6   Code   RO          127    i.Switch_InputMode  forminput.o
    0x08025ff4   0x00000002   Code   RO          601    i.SysTick_Handler   stm32f10x_it.o
    0x08025ff6   0x00000002   PAD
    0x08025ff8   0x00000060   Code   RO          606    i.SystemInit        system_stm32f10x.o
    0x08026058   0x00000006   Code   RO          968    i.TIM_ClearITPendingBit  stm32f10x_tim.o
    0x0802605e   0x00000018   Code   RO          973    i.TIM_Cmd           stm32f10x_tim.o
    0x08026076   0x00000002   PAD
    0x08026078   0x000001e8   Code   RO          978    i.TIM_DeInit        stm32f10x_tim.o
    0x08026260   0x00000022   Code   RO          994    i.TIM_GetITStatus   stm32f10x_tim.o
    0x08026282   0x00000018   Code   RO          998    i.TIM_ITConfig      stm32f10x_tim.o
    0x0802629a   0x00000002   PAD
    0x0802629c   0x000000a4   Code   RO         1044    i.TIM_TimeBaseInit  stm32f10x_tim.o
    0x08026340   0x00000060   Code   RO          402    i.TemporaryNotProvideThisFunction  selftest.o
    0x080263a0   0x0000018c   Code   RO          482    i.TerminalIDSet     setting.o
    0x0802652c   0x0000018c   Code   RO          483    i.TerminalPasswordSet  setting.o
    0x080266b8   0x0000046c   Code   RO          484    i.TimeDateSet       setting.o
    0x08026b24   0x00000244   Code   RO          590    i.TimeStd           ntp.o
    0x08026d68   0x000000a4   Code   RO          591    i.TimeZoneConvert   ntp.o
    0x08026e0c   0x00000104   Code   RO          485    i.TimeZoneSet       setting.o
    0x08026f10   0x00000048   Code   RO          486    i.TranslateKeyToDecimal  setting.o
    0x08026f58   0x00000058   Code   RO          266    i.UCS2to8bit        message.o
    0x08026fb0   0x0000001e   Code   RO         1049    i.USART_ClearITPendingBit  stm32f10x_usart.o
    0x08026fce   0x00000020   Code   RO         1050    i.USART_ClockInit   stm32f10x_usart.o
    0x08026fee   0x00000018   Code   RO         1052    i.USART_Cmd         stm32f10x_usart.o
    0x08027006   0x00000018   Code   RO         1053    i.USART_DMACmd      stm32f10x_usart.o
    0x0802701e   0x0000001a   Code   RO         1055    i.USART_GetFlagStatus  stm32f10x_usart.o
    0x08027038   0x00000054   Code   RO         1056    i.USART_GetITStatus  stm32f10x_usart.o
    0x0802708c   0x00000048   Code   RO         1058    i.USART_ITConfig    stm32f10x_usart.o
    0x080270d4   0x000000d8   Code   RO         1059    i.USART_Init        stm32f10x_usart.o
    0x080271ac   0x0000000a   Code   RO         1066    i.USART_ReceiveData  stm32f10x_usart.o
    0x080271b6   0x00000008   Code   RO         1069    i.USART_SendData    stm32f10x_usart.o
    0x080271be   0x00000010   Code   RO         1071    i.USART_SetGuardTime  stm32f10x_usart.o
    0x080271ce   0x00000010   Code   RO         1072    i.USART_SetPrescaler  stm32f10x_usart.o
    0x080271de   0x00000018   Code   RO         1073    i.USART_SmartCardCmd  stm32f10x_usart.o
    0x080271f6   0x00000018   Code   RO         1074    i.USART_SmartCardNACKCmd  stm32f10x_usart.o
    0x0802720e   0x00000002   PAD
    0x08027210   0x00000338   Code   RO          487    i.UpdateParameter   setting.o
    0x08027548   0x000000d8   Code   RO          203    i.UpgradeCSPN       main.o
    0x08027620   0x0000031c   Code   RO          404    i.UpgradeChinese    selftest.o
    0x0802793c   0x000000fc   Code   RO          204    i.UpgradeElectricity  main.o
    0x08027a38   0x0000005c   Code   RO          205    i.UpgradeNetworkState  main.o
    0x08027a94   0x0000007c   Code   RO          206    i.UpgradeSignalQuality  main.o
    0x08027b10   0x000000a8   Code   RO          488    i.UpgradeURL_Set    setting.o
    0x08027bb8   0x000000f4   Code   RO          207    i.UpgradeWiFiSignal  main.o
    0x08027cac   0x0000001c   Code   RO          602    i.UsageFault_Handler  stm32f10x_it.o
    0x08027cc8   0x000000a8   Code   RO          489    i.VersionURL_Set    setting.o
    0x08027d70   0x0000000c   Code   RO          267    i.VoiceBoxNumberSet  message.o
    0x08027d7c   0x0000000c   Code   RO          268    i.VoiceBoxReceive   message.o
    0x08027d88   0x00000068   Code   RO          490    i.WANSet            setting.o
    0x08027df0   0x0000004c   Code   RO          491    i.WIFIParStore      setting.o
    0x08027e3c   0x00000068   Code   RO          492    i.WIFIParmeterSet   setting.o
    0x08027ea4   0x000000c8   Code   RO          493    i.WIFISet           setting.o
    0x08027f6c   0x00000178   Code   RO          571    i.WPManage          wifi.o
    0x080280e4   0x00000010   Code   RO          158    i.WaitKeyRelease    key.o
    0x080280f4   0x00000050   Code   RO          159    i.WaitkeyAndAutoExit  key.o
    0x08028144   0x00000048   Code   RO          572    i.WiFi_Close        wifi.o
    0x0802818c   0x00000280   Code   RO          573    i.WiFi_Connect      wifi.o
    0x0802840c   0x000000b4   Code   RO          574    i.WiFi_Receive      wifi.o
    0x080284c0   0x00000028   Code   RO          575    i.WiFi_Send         wifi.o
    0x080284e8   0x000000d4   Code   RO          405    i.WriteFlashPage    selftest.o
    0x080285bc   0x0000000c   Code   RO          269    i.WriteMessage      message.o
    0x080285c8   0x0000005c   Code   RO          128    i._123ReadCode      forminput.o
    0x08028624   0x00000088   Code   RO          514    i._123ReadCode      shurufa.o
    0x080286ac   0x00000088   Code   RO          515    i._123TimeInput     shurufa.o
    0x08028734   0x000002cc   Code   RO          516    i._GetString_123TimeInput  shurufa.o
    0x08028a00   0x0000033c   Code   RO          517    i._GetString_abcABC123PYWuBi  shurufa.o
    0x08028d3c   0x0000023e   Code   RO          518    i._PassWordInput_MiddledDisplay  shurufa.o
    0x08028f7a   0x0000024c   Code   RO          519    i._PassWordInput_XposStartDisplay  shurufa.o
    0x080291c6   0x00000002   PAD
    0x080291c8   0x00000020   Code   RO         1283    i.__0printf         printfa.o(mc_w.l)
    0x080291e8   0x00000028   Code   RO         1285    i.__0sprintf        printfa.o(mc_w.l)
    0x08029210   0x00000016   Code   RO           65    i.__EepromFile_Delete  eepromfilesystem.o
    0x08029226   0x00000002   PAD
    0x08029228   0x00000008   Code   RO         1336    i.__aeabi_errno_addr  errno.o(mc_w.l)
    0x08029230   0x0000000e   Code   RO         1374    i.__scatterload_copy  handlers.o(mc_w.l)
    0x0802923e   0x00000002   Code   RO         1375    i.__scatterload_null  handlers.o(mc_w.l)
    0x08029240   0x0000000e   Code   RO         1376    i.__scatterload_zeroinit  handlers.o(mc_w.l)
    0x0802924e   0x00000002   PAD
    0x08029250   0x000001a0   Code   RO         1290    i._fp_digits        printfa.o(mc_w.l)
    0x080293f0   0x00000128   Code   RO          274    i._my_DisplayBuff   my_library.o
    0x08029518   0x00000720   Code   RO         1291    i._printf_core      printfa.o(mc_w.l)
    0x08029c38   0x00000026   Code   RO         1292    i._printf_post_padding  printfa.o(mc_w.l)
    0x08029c5e   0x0000002e   Code   RO         1293    i._printf_pre_padding  printfa.o(mc_w.l)
    0x08029c8c   0x0000000a   Code   RO         1295    i._sputc            printfa.o(mc_w.l)
    0x08029c96   0x00000002   PAD
    0x08029c98   0x00000180   Code   RO          140    i._tcp_Connect      gprs.o
    0x08029e18   0x00000030   Code   RO          520    i.abcABC123PYWuBiArgDeInit  shurufa.o
    0x08029e48   0x000001bc   Code   RO          129    i.abcReadCode       forminput.o
    0x0802a004   0x00000214   Code   RO          521    i.abcReadCode       shurufa.o
    0x0802a218   0x00000060   Code   RO          406    i.abeyant           selftest.o
    0x0802a278   0x000000b8   Code   RO          576    i.auto_connect_to_wifi  wifi.o
    0x0802a330   0x00000024   Code   RO          167    i.clear_area        lcd.o
    0x0802a354   0x0000002a   Code   RO          168    i.clear_area_to_row  lcd.o
    0x0802a37e   0x00000020   Code   RO          169    i.draw_line         lcd.o
    0x0802a39e   0x00000026   Code   RO          171    i.draw_pic          lcd.o
    0x0802a3c4   0x0000002c   Code   RO          172    i.draw_rect         lcd.o
    0x0802a3f0   0x0000002c   Code   RO          173    i.fill_rect         lcd.o
    0x0802a41c   0x00000014   Code   RO          522    i.flashcursor       shurufa.o
    0x0802a430   0x00000016   Code   RO          523    i.flashguangbiao_to_row  shurufa.o
    0x0802a446   0x00000002   PAD
    0x0802a448   0x0000003c   Code   RO          524    i.flightcursor      shurufa.o
    0x0802a484   0x00000024   Code   RO          275    i.fputc             my_library.o
    0x0802a4a8   0x00000050   Code   RO         1297    i.free              malloc.o(mc_w.l)
    0x0802a4f8   0x00000078   Code   RO          561    i.get_ucs2_offset   ucs2_to_gb2312.o
    0x0802a570   0x00000020   Code   RO          114    i.kmy_EnableDisableTime3  foodorder.o
    0x0802a590   0x0000020c   Code   RO          115    i.kmy_NetStateSet   foodorder.o
    0x0802a79c   0x00000068   Code   RO          208    i.kmy_OneMiliSecondCallThread  main.o
    0x0802a804   0x0000001c   Code   RO          209    i.kmy_TIM3Init      main.o
    0x0802a820   0x00000074   Code   RO          577    i.kmy_WifiInit      wifi.o
    0x0802a894   0x00000030   Code   RO          210    i.main              main.o
    0x0802a8c4   0x0000006c   Code   RO         1298    i.malloc            malloc.o(mc_w.l)
    0x0802a930   0x000001fc   Code   RO          525    i.my_ABCReadCode    shurufa.o
    0x0802ab2c   0x00000188   Code   RO          526    i.my_AccordPointInsertEdit  shurufa.o
    0x0802acb4   0x00000022   Code   RO          296    i.my_AsciiToOctor   mypure_library.o
    0x0802acd6   0x00000104   Code   RO          276    i.my_DisplayBuff    my_library.o
    0x0802adda   0x000000e6   Code   RO          290    i.my_DisplayMenuPercent  my_menuop.o
    0x0802aec0   0x00000008   Code   RO          277    i.my_GetCurrentMs   my_library.o
    0x0802aec8   0x00000018   Code   RO          304    i.my_MovePointToHex  mypure_library.o
    0x0802aee0   0x00000030   Code   RO          310    i.my_TwoAscciiToOneHex  mypure_library.o
    0x0802af10   0x000001fc   Code   RO          527    i.my_abcReadCode    shurufa.o
    0x0802b10c   0x0000003c   Code   RO          313    i.my_buff_TwoAscciiToOneHex  mypure_library.o
    0x0802b148   0x00000054   Code   RO          281    i.my_charhexprintf_buff  my_library.o
    0x0802b19c   0x0000003c   Code   RO          314    i.my_itoa           mypure_library.o
    0x0802b1d8   0x0000004a   Code   RO          282    i.my_movePointToNextLine  my_library.o
    0x0802b222   0x0000002c   Code   RO          283    i.my_movePointToPrevLine  my_library.o
    0x0802b24e   0x0000005a   Code   RO          284    i.my_strcat_insert  my_library.o
    0x0802b2a8   0x00000026   Code   RO          322    i.my_strcpy_DeleteTailByte  mypure_library.o
    0x0802b2ce   0x00000024   Code   RO          323    i.my_strcpy_EncounterHexEnd  mypure_library.o
    0x0802b2f2   0x00000030   Code   RO          174    i.my_strcpy_fillspace  lcd.o
    0x0802b322   0x00000036   Code   RO          175    i.my_strcpy_fillspace_bytes  lcd.o
    0x0802b358   0x00000020   Code   RO          325    i.my_strdel         mypure_library.o
    0x0802b378   0x0000004c   Code   RO          330    i.my_string_insert  mypure_library.o
    0x0802b3c4   0x00000018   Code   RO          331    i.my_string_replace  mypure_library.o
    0x0802b3dc   0x00000044   Code   RO          592    i.ntohl             ntp.o
    0x0802b420   0x00000068   Code   RO          578    i.rak_asciiDotAddressTouint32  wifi.o
    0x0802b488   0x00000248   Code   RO          579    i.rak_init_struct   wifi.o
    0x0802b6d0   0x00000024   Code   RO          176    i.reverse_area      lcd.o
    0x0802b6f4   0x0000002e   Code   RO          177    i.reverse_area_to_row  lcd.o
    0x0802b722   0x00000002   PAD
    0x0802b724   0x00000038   Code   RO          494    i.searchPosInItems  setting.o
    0x0802b75c   0x00000028   Code   RO          141    i.send_at_cmd       gprs.o
    0x0802b784   0x000000cc   Code   RO          142    i.send_at_cmd_and_receive  gprs.o
    0x0802b850   0x000000b0   Code   RO          143    i.send_at_cmd_and_return  gprs.o
    0x0802b900   0x000000fc   Code   RO          144    i.send_at_cmd_and_return_3errs  gprs.o
    0x0802b9fc   0x00000114   Code   RO          146    i.set_apn           gprs.o
    0x0802bb10   0x00000016   Code   RO          178    i.set_contrast      lcd.o
    0x0802bb26   0x0000004e   Code   RO          528    i.srf_strcat_insert  shurufa.o
    0x0802bb74   0x0000002e   Code   RO          179    i.steaddraw_pic_to_row_x  lcd.o
    0x0802bba2   0x00000002   PAD
    0x0802bba4   0x000000c4   Code   RO          147    i.tcp_Connect       gprs.o
    0x0802bc68   0x000000a0   Code   RO          149    i.tcp_receive       gprs.o
    0x0802bd08   0x000000cc   Code   RO          150    i.tcp_send          gprs.o
    0x0802bdd4   0x00000030   Code   RO          180    i.text_out_length   lcd.o
    0x0802be04   0x00000030   Code   RO          181    i.text_out_to_row   lcd.o
    0x0802be34   0x0000002c   Code   RO          182    i.text_out_to_row_Language2  lcd.o
    0x0802be60   0x0000003c   Code   RO          183    i.text_out_to_row_fillSpace  lcd.o
    0x0802be9c   0x0000001c   Code   RO          184    i.text_out_to_row_x  lcd.o
    0x0802beb8   0x00000038   Code   RO          185    i.text_out_to_row_x_Language2  lcd.o
    0x0802bef0   0x00000290   Code   RO          563    i.ucs2str_to_gb2312str  ucs2_to_gb2312.o
    0x0802c180   0x00000080   Data   RO           67    .constdata          eepromfilesystem.o
    0x0802c200   0x000008a3   Data   RO          118    .constdata          foodorder.o
    0x0802caa3   0x00000001   PAD
    0x0802caa4   0x00000050   Data   RO          130    .constdata          forminput.o
    0x0802caf4   0x0000064c   Data   RO          212    .constdata          main.o
    0x0802d140   0x0000008c   Data   RO          271    .constdata          message.o
    0x0802d1cc   0x00000110   Data   RO          333    .constdata          mypure_library.o
    0x0802d2dc   0x0000566f   Data   RO          407    .constdata          selftest.o
    0x0803294b   0x00000001   PAD
    0x0803294c   0x000002ac   Data   RO          496    .constdata          setting.o
    0x08032bf8   0x000000a0   Data   RO          529    .constdata          shurufa.o
    0x08032c98   0x000042a8   Data   RO          564    .constdata          ucs2_to_gb2312.o
    0x08036f40   0x00000021   Data   RO          566    .constdata          version.o
    0x08036f61   0x00000003   PAD
    0x08036f64   0x000000cc   Data   RO          581    .constdata          wifi.o
    0x08037030   0x00000c00   Data   RO         1094    .constdata          kmy_lcddrv.o(kmy_Drv_Vector.lib)
    0x08037c30   0x00002a80   Data   RO         1098    .constdata          kmy_printerdrv.o(kmy_Drv_Vector.lib)
    0x0803a6b0   0x0000000f   Data   RO         1102    .constdata          kmy_psamdrv.o(kmy_Drv_Vector.lib)
    0x0803a6bf   0x00000001   PAD
    0x0803a6c0   0x0000004c   Data   RO         1107    .constdata          kmy_time.o(kmy_Drv_Vector.lib)
    0x0803a70c   0x00000014   Data   RO         1111    .constdata          kmy_usart1drv.o(kmy_Drv_Vector.lib)
    0x0803a720   0x00000081   Data   RO         1350    .constdata          ctype_o.o(mc_w.l)
    0x0803a7a1   0x00000003   PAD
    0x0803a7a4   0x00000004   Data   RO         1351    .constdata          ctype_o.o(mc_w.l)
    0x0803a7a8   0x0000001c   Data   RO          119    .conststring        foodorder.o
    0x0803a7c4   0x00000079   Data   RO          131    .conststring        forminput.o
    0x0803a83d   0x00000031   Data   RO          213    .conststring        main.o
    0x0803a86e   0x000001c5   Data   RO          272    .conststring        message.o
    0x0803aa33   0x00000355   Data   RO          408    .conststring        selftest.o
    0x0803ad88   0x0000091a   Data   RO          497    .conststring        setting.o
    0x0803b6a2   0x00000022   Data   RO          530    .conststring        shurufa.o
    0x0803b6c4   0x00000020   Data   RO         1372    Region$$Table       anon$$obj.o


    Execution Region RW_IRAM1 (Base: 0x20000000, Size: 0x00008a20, Max: 0x00010000, ABSOLUTE, COMPRESSED[0x000007ac])

    Base Addr    Size         Type   Attr      Idx    E Section Name        Object

    0x20000000   0x00000018   Data   RW           19    .data               cursor.o
    0x20000018   0x00000002   Data   RW           68    .data               eepromfilesystem.o
    0x2000001a   0x00000002   PAD
    0x2000001c   0x00000022   Data   RW          120    .data               foodorder.o
    0x2000003e   0x00000002   Data   RW          187    .data               lcd.o
    0x20000040   0x0000003e   Data   RW          214    .data               main.o
    0x2000007e   0x00000002   PAD
    0x20000080   0x00000151   Data   RW          273    .data               message.o
    0x200001d1   0x00000003   PAD
    0x200001d4   0x0000018c   Data   RW          409    .data               selftest.o
    0x20000360   0x000006ae   Data   RW          498    .data               setting.o
    0x20000a0e   0x00000002   PAD
    0x20000a10   0x0000000c   Data   RW          531    .data               shurufa.o
    0x20000a1c   0x0000000a   Data   RW          582    .data               wifi.o
    0x20000a26   0x00000014   Data   RW          889    .data               stm32f10x_rcc.o
    0x20000a3a   0x00000002   PAD
    0x20000a3c   0x0000000c   Data   RW         1091    .data               kmy_keydrv.o(kmy_Drv_Vector.lib)
    0x20000a48   0x00000120   Data   RW         1099    .data               kmy_printerdrv.o(kmy_Drv_Vector.lib)
    0x20000b68   0x00000064   Data   RW         1103    .data               kmy_psamdrv.o(kmy_Drv_Vector.lib)
    0x20000bcc   0x00000004   Data   RW         1108    .data               kmy_time.o(kmy_Drv_Vector.lib)
    0x20000bd0   0x00000008   Data   RW         1112    .data               kmy_usart1drv.o(kmy_Drv_Vector.lib)
    0x20000bd8   0x00000008   Data   RW         1115    .data               kmy_usart2drv.o(kmy_Drv_Vector.lib)
    0x20000be0   0x00000008   Data   RW         1118    .data               kmy_usart3drv.o(kmy_Drv_Vector.lib)
    0x20000be8   0x00000024   Data   RW         1121    .data               kmy_magcardpadrv.o(kmy_Drv_Vector.lib)
    0x20000c0c   0x0000000f   Data   RW         1124    .data               kmy_wifi.o(kmy_Drv_Vector.lib)
    0x20000c1b   0x00000001   PAD
    0x20000c1c   0x00000004   Data   RW         1151    .data               stdout.o(mc_w.l)
    0x20000c20   0x00000004   Data   RW         1154    .data               rand.o(mc_w.l)
    0x20000c24   0x00000004   Data   RW         1334    .data               mvars.o(mc_w.l)
    0x20000c28   0x00000004   Data   RW         1335    .data               mvars.o(mc_w.l)
    0x20000c2c   0x00000004   Data   RW         1339    .data               errno.o(mc_w.l)
    0x20000c30   0x00000040   Zero   RW           66    .bss                eepromfilesystem.o
    0x20000c70   0x00000d64   Zero   RW          117    .bss                foodorder.o
    0x200019d4   0x00000021   Zero   RW          211    .bss                main.o
    0x200019f5   0x00000003   PAD
    0x200019f8   0x0000058c   Zero   RW          270    .bss                message.o
    0x20001f84   0x00000dda   Zero   RW          495    .bss                setting.o
    0x20002d5e   0x00000002   PAD
    0x20002d60   0x000000a0   Zero   RW          580    .bss                wifi.o
    0x20002e00   0x00000400   Zero   RW         1093    .bss                kmy_lcddrv.o(kmy_Drv_Vector.lib)
    0x20003200   0x00000084   Zero   RW         1101    .bss                kmy_psamdrv.o(kmy_Drv_Vector.lib)
    0x20003284   0x000000c8   Zero   RW         1110    .bss                kmy_usart1drv.o(kmy_Drv_Vector.lib)
    0x2000334c   0x00000c00   Zero   RW         1114    .bss                kmy_usart2drv.o(kmy_Drv_Vector.lib)
    0x20003f4c   0x000000c8   Zero   RW         1117    .bss                kmy_usart3drv.o(kmy_Drv_Vector.lib)
    0x20004014   0x0000080c   Zero   RW         1123    .bss                kmy_wifi.o(kmy_Drv_Vector.lib)
    0x20004820   0x00000200   Zero   RW          609    HEAP                startup_stm32f10x_hd.o
    0x20004a20   0x00004000   Zero   RW          608    STACK               startup_stm32f10x_hd.o


==============================================================================

Image component sizes


      Code (inc. data)   RO Data    RW Data    ZI Data      Debug   Object Name

       424         22          0         24          0          0   cursor.o
      2596        302        128          2         64          0   eepromfilesystem.o
     16790       4222       2239         34       3428          0   foodorder.o
      3652        138        201          0          0          0   forminput.o
      2686        586          0          0          0          0   gprs.o
       188          4          0          0          0          0   key.o
       936         22          0          2          0          0   lcd.o
      3592        928       1661         62         33          0   main.o
      2918         56          0          0          0          0   menuoperate.o
      4684       1196        593        337       1420          0   message.o
       152         24          0          0          0          0   misc.o
       892         32          0          0          0          0   my_library.o
       532          0          0          0          0          0   my_menuop.o
       432          6        272          0          0          0   mypure_library.o
      2774        790          0          0          0          0   ntp.o
     10368       3680      22980        396          0          0   selftest.o
     17706       6084       3014       1710       3546          0   setting.o
      7866        358        194         12          0          0   shurufa.o
       180         60          0          0          0          0   sim900b.o
        36          8        304          0      16896          0   startup_stm32f10x_hd.o
       478         22          0          0          0          0   stm32f10x_adc.o
        92         36          0          0          0          0   stm32f10x_bkp.o
       228         28          0          0          0          0   stm32f10x_exti.o
        20          4          0          0          0          0   stm32f10x_flash.o
       508          8          0          0          0          0   stm32f10x_gpio.o
       110         52          0          0          0          0   stm32f10x_it.o
       102         14          0          0          0          0   stm32f10x_pwr.o
       840        122          0         20          0          0   stm32f10x_rcc.o
       260         66          0          0          0          0   stm32f10x_rtc.o
       136          0          0          0          0          0   stm32f10x_spi.o
       740        106          0          0          0          0   stm32f10x_tim.o
       606          6          0          0          0          0   stm32f10x_usart.o
       304         28          0          0          0          0   system_stm32f10x.o
       776         48      17064          0          0          0   ucs2_to_gb2312.o
       196        110         33          0          0          0   version.o
      3568       1062        204         10        160          0   wifi.o

    ----------------------------------------------------------------------
     88424      20230      48924       2620      25552          0   Object Totals
         0          0         32          0          0          0   (incl. Generated)
        56          0          5         11          5          0   (incl. Padding)

    ----------------------------------------------------------------------

      Code (inc. data)   RO Data    RW Data    ZI Data      Debug   Library Member Name

        94          0          0          0          0          0   __dczerorl2.o
        32          0          0          0          0          0   _chval.o
       152          0          0          0          0          0   _strtoul.o
        26          0          0          0          0          0   atoi.o
        76          2          0          0          0          0   cdrcmple.o
         8          4        133          0          0          0   ctype_o.o
        64          0          0          0          0          0   d2f.o
       350          0          0          0          0          0   dadd.o
       280          0          0          0          0          0   ddiv.o
       234          0          0          0          0          0   depilogue.o
        50          0          0          0          0          0   dfixul.o
       240          0          0          0          0          0   dmul.o
         0          0          0          0          0          0   entry.o
         8          4          0          0          0          0   entry2.o
         4          0          0          0          0          0   entry5.o
         8          4          0          0          0          0   entry7.o
         8          4          0          4          0          0   errno.o
        36          0          0          0          0          0   f2d.o
       110          0          0          0          0          0   fepilogue.o
        50          0          0          0          0          0   ffixi.o
        10          0          0          0          0          0   ffltui.o
       106          0          0          0          0          0   fmul.o
        30          0          0          0          0          0   handlers.o
        36          8          0          0          0          0   init.o
         0          0          0          0          0          0   iusefp.o
       392         36          0          0          0          0   kmy_adc.o
       124          8          0          0          0          0   kmy_battarydrv.o
        64          4          0          0          0          0   kmy_beepdrv.o
      2012         66          0          0          0          0   kmy_eepromdrv.o
       960         10          0          0          0          0   kmy_flashdrv.o
       140          6          0          0          0          0   kmy_gprsdrv.o
      2660         50          0         12          0          0   kmy_keydrv.o
      2540         62       3072          0       1024          0   kmy_lcddrv.o
        92          4          0          0          0          0   kmy_leddrv.o
      3996        286          0         36          0          0   kmy_magcardpadrv.o
       196         24          0          0          0          0   kmy_misc.o
     12940        630      10880        288          0          0   kmy_printerdrv.o
      3100        132         15        100        132          0   kmy_psamdrv.o
        88          0          0          0          0          0   kmy_tamperdrv.o
      1624         34         76          4          0          0   kmy_time.o
       568         90         20          8        200          0   kmy_usart1drv.o
       800         60          0          8       3072          0   kmy_usart2drv.o
       524         52          0          8        200          0   kmy_usart3drv.o
      3856        740          0         15       2060          0   kmy_wifi.o
       768         54          0          0          0          0   kmy_wifi_spi.o
        32          0          0          0          0          0   llshl.o
        34          0          0          0          0          0   llsshr.o
        30          0          0          0          0          0   llushr.o
       188         22          0          0          0          0   malloc.o
        36          0          0          0          0          0   memcpya.o
        38          0          0          0          0          0   memseta.o
         0          0          0          8          0          0   mvars.o
      2406        112          0          0          0          0   printfa.o
        36         10          0          4          0          0   rand.o
         0          0          0          4          0          0   stdout.o
        28          0          0          0          0          0   strcat.o
        18          0          0          0          0          0   strchr.o
        28          0          0          0          0          0   strcmp.o
        18          0          0          0          0          0   strcpy.o
        16          0          0          0          0          0   strlen.o
        40          0          0          0          0          0   strncat.o
        24          0          0          0          0          0   strncpy.o
        44          0          0          0          0          0   strstr.o
       112          0          0          0          0          0   strtol.o
        44          0          0          0          0          0   uidiv.o
        90          0          0          0          0          0   uldiv.o

    ----------------------------------------------------------------------
     42728       2518      14200        500       6688          0   Library Totals
        10          0          4          1          0          0   (incl. Padding)

    ----------------------------------------------------------------------

      Code (inc. data)   RO Data    RW Data    ZI Data      Debug   Library Name

     37444       2348      14063        479       6688          0   kmy_Drv_Vector.lib
      3668        168        133         20          0          0   mc_w.l
      1606          2          0          0          0          0   mf_w.l

    ----------------------------------------------------------------------
     42728       2518      14200        500       6688          0   Library Totals

    ----------------------------------------------------------------------

==============================================================================


      Code (inc. data)   RO Data    RW Data    ZI Data      Debug   

    131152      22748      63124       3120      32240          0   Grand Totals
    131152      22748      63124       1964      32240          0   ELF Image Totals (compressed)
    131152      22748      63124       1964          0          0   ROM Totals

==============================================================================

    Total RO  Size (Code + RO Data)               194276 ( 189.72kB)
    Total RW  Size (RW Data + ZI Data)             35360 (  34.53kB)
    Total ROM Size (Code + RO Data + RW Data)     196240 ( 191.64kB)

==============================================================================

